../drivers/Src/stm32f429xx_usart_driver.c:34:6:USART_PClockControl	16	static
../drivers/Src/stm32f429xx_usart_driver.c:90:6:USART_PControl	16	static
../drivers/Src/stm32f429xx_usart_driver.c:119:6:USART_Init	24	static
../drivers/Src/stm32f429xx_usart_driver.c:207:6:USART_DeInit	16	static
../drivers/Src/stm32f429xx_usart_driver.c:245:6:USART_SendData	32	static
../drivers/Src/stm32f429xx_usart_driver.c:302:6:USART_ReceiveData	32	static
../drivers/Src/stm32f429xx_usart_driver.c:362:9:USART_SendDataIT	32	static
../drivers/Src/stm32f429xx_usart_driver.c:394:9:USART_ReceiveDataIT	32	static
../drivers/Src/stm32f429xx_usart_driver.c:431:6:USART_IRQPriorityConfig	24	static
../drivers/Src/stm32f429xx_usart_driver.c:452:6:USART_IRQConfig	16	static
../drivers/Src/stm32f429xx_usart_driver.c:495:6:USART_InterruptHandling	32	static
../drivers/Src/stm32f429xx_usart_driver.c:627:6:USART_CloseTransmission	16	static
../drivers/Src/stm32f429xx_usart_driver.c:647:6:USART_CloseReception	16	static
../drivers/Src/stm32f429xx_usart_driver.c:668:9:USART_GetFlagStatus	16	static
../drivers/Src/stm32f429xx_usart_driver.c:693:6:USART_ClearFlag	16	static
../drivers/Src/stm32f429xx_usart_driver.c:712:6:USART_SetBaudrate	40	static
../drivers/Src/stm32f429xx_usart_driver.c:769:13:USART_ApplicationCallback	16	static
../drivers/Src/stm32f429xx_usart_driver.c:777:13:USART_TXHandler	24	static
../drivers/Src/stm32f429xx_usart_driver.c:819:13:USART_RXHandler	16	static
