../drivers/Src/stm32f429xx_spi_driver.c:33:6:SPI_PClockControl	16	static
../drivers/Src/stm32f429xx_spi_driver.c:73:9:SPI_GetFlagStatus	16	static
../drivers/Src/stm32f429xx_spi_driver.c:97:6:SPI_Init	24	static
../drivers/Src/stm32f429xx_spi_driver.c:159:6:SPI_DeInit	16	static
../drivers/Src/stm32f429xx_spi_driver.c:195:6:SPI_SendData	24	static
../drivers/Src/stm32f429xx_spi_driver.c:236:9:SPI_SendDataIT	32	static
../drivers/Src/stm32f429xx_spi_driver.c:272:6:SPI_ReceiveData	24	static
../drivers/Src/stm32f429xx_spi_driver.c:314:9:SPI_ReceiveDataIT	32	static
../drivers/Src/stm32f429xx_spi_driver.c:353:6:SPI_InterruptPriorityConfig	24	static
../drivers/Src/stm32f429xx_spi_driver.c:376:6:SPI_InterruptConfig	16	static
../drivers/Src/stm32f429xx_spi_driver.c:415:6:SPI_InterruptHanling	24	static
../drivers/Src/stm32f429xx_spi_driver.c:465:6:SPI_PControl	16	static
../drivers/Src/stm32f429xx_spi_driver.c:489:6:SPI_SSIConfig	16	static
../drivers/Src/stm32f429xx_spi_driver.c:510:6:SPI_SSOEConfig	16	static
../drivers/Src/stm32f429xx_spi_driver.c:535:6:SPI_ClearOVRFlag	24	static
../drivers/Src/stm32f429xx_spi_driver.c:555:6:SPI_CloseTransmission	16	static
../drivers/Src/stm32f429xx_spi_driver.c:575:6:SPI_CloseReception	16	static
../drivers/Src/stm32f429xx_spi_driver.c:588:13:spi_tx_interrupt_handling	16	static
../drivers/Src/stm32f429xx_spi_driver.c:613:13:spi_rx_interrupt_handling	16	static
../drivers/Src/stm32f429xx_spi_driver.c:640:13:spi_ovrr_interrupt_handling	24	static
../drivers/Src/stm32f429xx_spi_driver.c:656:13:SPI_ApplicationCallback	16	static
