Archive member included to satisfy reference by file (symbol)

c:/st/stm32cubeide_1.10.1/stm32cubeide/plugins/com.st.stm32cube.ide.mcu.externaltools.gnu-tools-for-stm32.10.3-2021.10.win32_1.0.0.202111181127/tools/bin/../lib/gcc/arm-none-eabi/10.3.1/../../../../arm-none-eabi/lib/thumb/v7e-m/nofp\libc_nano.a(lib_a-errno.o)
                              ./Src/syscalls.o (__errno)
c:/st/stm32cubeide_1.10.1/stm32cubeide/plugins/com.st.stm32cube.ide.mcu.externaltools.gnu-tools-for-stm32.10.3-2021.10.win32_1.0.0.202111181127/tools/bin/../lib/gcc/arm-none-eabi/10.3.1/../../../../arm-none-eabi/lib/thumb/v7e-m/nofp\libc_nano.a(lib_a-exit.o)
                              c:/st/stm32cubeide_1.10.1/stm32cubeide/plugins/com.st.stm32cube.ide.mcu.externaltools.gnu-tools-for-stm32.10.3-2021.10.win32_1.0.0.202111181127/tools/bin/../lib/gcc/arm-none-eabi/10.3.1/../../../../arm-none-eabi/lib/thumb/v7e-m/nofp/crt0.o (exit)
c:/st/stm32cubeide_1.10.1/stm32cubeide/plugins/com.st.stm32cube.ide.mcu.externaltools.gnu-tools-for-stm32.10.3-2021.10.win32_1.0.0.202111181127/tools/bin/../lib/gcc/arm-none-eabi/10.3.1/../../../../arm-none-eabi/lib/thumb/v7e-m/nofp\libc_nano.a(lib_a-impure.o)
                              c:/st/stm32cubeide_1.10.1/stm32cubeide/plugins/com.st.stm32cube.ide.mcu.externaltools.gnu-tools-for-stm32.10.3-2021.10.win32_1.0.0.202111181127/tools/bin/../lib/gcc/arm-none-eabi/10.3.1/../../../../arm-none-eabi/lib/thumb/v7e-m/nofp\libc_nano.a(lib_a-exit.o) (_global_impure_ptr)
c:/st/stm32cubeide_1.10.1/stm32cubeide/plugins/com.st.stm32cube.ide.mcu.externaltools.gnu-tools-for-stm32.10.3-2021.10.win32_1.0.0.202111181127/tools/bin/../lib/gcc/arm-none-eabi/10.3.1/../../../../arm-none-eabi/lib/thumb/v7e-m/nofp\libc_nano.a(lib_a-init.o)
                              c:/st/stm32cubeide_1.10.1/stm32cubeide/plugins/com.st.stm32cube.ide.mcu.externaltools.gnu-tools-for-stm32.10.3-2021.10.win32_1.0.0.202111181127/tools/bin/../lib/gcc/arm-none-eabi/10.3.1/../../../../arm-none-eabi/lib/thumb/v7e-m/nofp/crt0.o (__libc_init_array)
c:/st/stm32cubeide_1.10.1/stm32cubeide/plugins/com.st.stm32cube.ide.mcu.externaltools.gnu-tools-for-stm32.10.3-2021.10.win32_1.0.0.202111181127/tools/bin/../lib/gcc/arm-none-eabi/10.3.1/../../../../arm-none-eabi/lib/thumb/v7e-m/nofp\libc_nano.a(lib_a-memset.o)
                              c:/st/stm32cubeide_1.10.1/stm32cubeide/plugins/com.st.stm32cube.ide.mcu.externaltools.gnu-tools-for-stm32.10.3-2021.10.win32_1.0.0.202111181127/tools/bin/../lib/gcc/arm-none-eabi/10.3.1/../../../../arm-none-eabi/lib/thumb/v7e-m/nofp/crt0.o (memset)
c:/st/stm32cubeide_1.10.1/stm32cubeide/plugins/com.st.stm32cube.ide.mcu.externaltools.gnu-tools-for-stm32.10.3-2021.10.win32_1.0.0.202111181127/tools/bin/../lib/gcc/arm-none-eabi/10.3.1/thumb/v7e-m/nofp\libgcc.a(_arm_muldf3.o)
                              ./drivers/Src/stm32f429xx_i2c_driver.o (__aeabi_dmul)
c:/st/stm32cubeide_1.10.1/stm32cubeide/plugins/com.st.stm32cube.ide.mcu.externaltools.gnu-tools-for-stm32.10.3-2021.10.win32_1.0.0.202111181127/tools/bin/../lib/gcc/arm-none-eabi/10.3.1/thumb/v7e-m/nofp\libgcc.a(_arm_addsubdf3.o)
                              ./drivers/Src/stm32f429xx_i2c_driver.o (__aeabi_ui2d)
c:/st/stm32cubeide_1.10.1/stm32cubeide/plugins/com.st.stm32cube.ide.mcu.externaltools.gnu-tools-for-stm32.10.3-2021.10.win32_1.0.0.202111181127/tools/bin/../lib/gcc/arm-none-eabi/10.3.1/thumb/v7e-m/nofp\libgcc.a(_arm_fixunsdfsi.o)
                              ./drivers/Src/stm32f429xx_i2c_driver.o (__aeabi_d2uiz)

Discarded input sections

 .text          0x0000000000000000        0x0 c:/st/stm32cubeide_1.10.1/stm32cubeide/plugins/com.st.stm32cube.ide.mcu.externaltools.gnu-tools-for-stm32.10.3-2021.10.win32_1.0.0.202111181127/tools/bin/../lib/gcc/arm-none-eabi/10.3.1/thumb/v7e-m/nofp/crti.o
 .data          0x0000000000000000        0x0 c:/st/stm32cubeide_1.10.1/stm32cubeide/plugins/com.st.stm32cube.ide.mcu.externaltools.gnu-tools-for-stm32.10.3-2021.10.win32_1.0.0.202111181127/tools/bin/../lib/gcc/arm-none-eabi/10.3.1/thumb/v7e-m/nofp/crti.o
 .bss           0x0000000000000000        0x0 c:/st/stm32cubeide_1.10.1/stm32cubeide/plugins/com.st.stm32cube.ide.mcu.externaltools.gnu-tools-for-stm32.10.3-2021.10.win32_1.0.0.202111181127/tools/bin/../lib/gcc/arm-none-eabi/10.3.1/thumb/v7e-m/nofp/crti.o
 .data          0x0000000000000000        0x4 c:/st/stm32cubeide_1.10.1/stm32cubeide/plugins/com.st.stm32cube.ide.mcu.externaltools.gnu-tools-for-stm32.10.3-2021.10.win32_1.0.0.202111181127/tools/bin/../lib/gcc/arm-none-eabi/10.3.1/thumb/v7e-m/nofp/crtbegin.o
 .rodata        0x0000000000000000       0x24 c:/st/stm32cubeide_1.10.1/stm32cubeide/plugins/com.st.stm32cube.ide.mcu.externaltools.gnu-tools-for-stm32.10.3-2021.10.win32_1.0.0.202111181127/tools/bin/../lib/gcc/arm-none-eabi/10.3.1/thumb/v7e-m/nofp/crtbegin.o
 .text          0x0000000000000000       0x7c c:/st/stm32cubeide_1.10.1/stm32cubeide/plugins/com.st.stm32cube.ide.mcu.externaltools.gnu-tools-for-stm32.10.3-2021.10.win32_1.0.0.202111181127/tools/bin/../lib/gcc/arm-none-eabi/10.3.1/../../../../arm-none-eabi/lib/thumb/v7e-m/nofp/crt0.o
 .data          0x0000000000000000        0x0 c:/st/stm32cubeide_1.10.1/stm32cubeide/plugins/com.st.stm32cube.ide.mcu.externaltools.gnu-tools-for-stm32.10.3-2021.10.win32_1.0.0.202111181127/tools/bin/../lib/gcc/arm-none-eabi/10.3.1/../../../../arm-none-eabi/lib/thumb/v7e-m/nofp/crt0.o
 .bss           0x0000000000000000        0x0 c:/st/stm32cubeide_1.10.1/stm32cubeide/plugins/com.st.stm32cube.ide.mcu.externaltools.gnu-tools-for-stm32.10.3-2021.10.win32_1.0.0.202111181127/tools/bin/../lib/gcc/arm-none-eabi/10.3.1/../../../../arm-none-eabi/lib/thumb/v7e-m/nofp/crt0.o
 .ARM.extab     0x0000000000000000        0x0 c:/st/stm32cubeide_1.10.1/stm32cubeide/plugins/com.st.stm32cube.ide.mcu.externaltools.gnu-tools-for-stm32.10.3-2021.10.win32_1.0.0.202111181127/tools/bin/../lib/gcc/arm-none-eabi/10.3.1/../../../../arm-none-eabi/lib/thumb/v7e-m/nofp/crt0.o
 .ARM.exidx     0x0000000000000000       0x10 c:/st/stm32cubeide_1.10.1/stm32cubeide/plugins/com.st.stm32cube.ide.mcu.externaltools.gnu-tools-for-stm32.10.3-2021.10.win32_1.0.0.202111181127/tools/bin/../lib/gcc/arm-none-eabi/10.3.1/../../../../arm-none-eabi/lib/thumb/v7e-m/nofp/crt0.o
 .ARM.attributes
                0x0000000000000000       0x1c c:/st/stm32cubeide_1.10.1/stm32cubeide/plugins/com.st.stm32cube.ide.mcu.externaltools.gnu-tools-for-stm32.10.3-2021.10.win32_1.0.0.202111181127/tools/bin/../lib/gcc/arm-none-eabi/10.3.1/../../../../arm-none-eabi/lib/thumb/v7e-m/nofp/crt0.o
 .group         0x0000000000000000        0xc ./Src/004led_button_interrupt.o
 .group         0x0000000000000000        0xc ./Src/004led_button_interrupt.o
 .group         0x0000000000000000        0xc ./Src/004led_button_interrupt.o
 .group         0x0000000000000000        0xc ./Src/004led_button_interrupt.o
 .group         0x0000000000000000        0xc ./Src/004led_button_interrupt.o
 .group         0x0000000000000000        0xc ./Src/004led_button_interrupt.o
 .group         0x0000000000000000        0xc ./Src/004led_button_interrupt.o
 .group         0x0000000000000000        0xc ./Src/004led_button_interrupt.o
 .group         0x0000000000000000        0xc ./Src/004led_button_interrupt.o
 .group         0x0000000000000000        0xc ./Src/004led_button_interrupt.o
 .group         0x0000000000000000        0xc ./Src/004led_button_interrupt.o
 .group         0x0000000000000000        0xc ./Src/004led_button_interrupt.o
 .group         0x0000000000000000        0xc ./Src/004led_button_interrupt.o
 .group         0x0000000000000000        0xc ./Src/004led_button_interrupt.o
 .group         0x0000000000000000        0xc ./Src/004led_button_interrupt.o
 .group         0x0000000000000000        0xc ./Src/004led_button_interrupt.o
 .group         0x0000000000000000        0xc ./Src/004led_button_interrupt.o
 .group         0x0000000000000000        0xc ./Src/004led_button_interrupt.o
 .group         0x0000000000000000        0xc ./Src/004led_button_interrupt.o
 .group         0x0000000000000000        0xc ./Src/004led_button_interrupt.o
 .group         0x0000000000000000        0xc ./Src/004led_button_interrupt.o
 .group         0x0000000000000000        0xc ./Src/004led_button_interrupt.o
 .group         0x0000000000000000        0xc ./Src/004led_button_interrupt.o
 .group         0x0000000000000000        0xc ./Src/004led_button_interrupt.o
 .group         0x0000000000000000        0xc ./Src/004led_button_interrupt.o
 .group         0x0000000000000000        0xc ./Src/004led_button_interrupt.o
 .group         0x0000000000000000        0xc ./Src/004led_button_interrupt.o
 .group         0x0000000000000000        0xc ./Src/004led_button_interrupt.o
 .group         0x0000000000000000        0xc ./Src/004led_button_interrupt.o
 .text          0x0000000000000000        0x0 ./Src/004led_button_interrupt.o
 .data          0x0000000000000000        0x0 ./Src/004led_button_interrupt.o
 .bss           0x0000000000000000        0x0 ./Src/004led_button_interrupt.o
 .group         0x0000000000000000        0xc ./Src/syscalls.o
 .group         0x0000000000000000        0xc ./Src/syscalls.o
 .group         0x0000000000000000        0xc ./Src/syscalls.o
 .group         0x0000000000000000        0xc ./Src/syscalls.o
 .group         0x0000000000000000        0xc ./Src/syscalls.o
 .group         0x0000000000000000        0xc ./Src/syscalls.o
 .group         0x0000000000000000        0xc ./Src/syscalls.o
 .group         0x0000000000000000        0xc ./Src/syscalls.o
 .group         0x0000000000000000        0xc ./Src/syscalls.o
 .group         0x0000000000000000        0xc ./Src/syscalls.o
 .group         0x0000000000000000        0xc ./Src/syscalls.o
 .group         0x0000000000000000        0xc ./Src/syscalls.o
 .group         0x0000000000000000        0xc ./Src/syscalls.o
 .group         0x0000000000000000        0xc ./Src/syscalls.o
 .group         0x0000000000000000        0xc ./Src/syscalls.o
 .group         0x0000000000000000        0xc ./Src/syscalls.o
 .group         0x0000000000000000        0xc ./Src/syscalls.o
 .group         0x0000000000000000        0xc ./Src/syscalls.o
 .group         0x0000000000000000        0xc ./Src/syscalls.o
 .group         0x0000000000000000        0xc ./Src/syscalls.o
 .group         0x0000000000000000        0xc ./Src/syscalls.o
 .group         0x0000000000000000        0xc ./Src/syscalls.o
 .group         0x0000000000000000        0xc ./Src/syscalls.o
 .group         0x0000000000000000        0xc ./Src/syscalls.o
 .group         0x0000000000000000        0xc ./Src/syscalls.o
 .group         0x0000000000000000        0xc ./Src/syscalls.o
 .group         0x0000000000000000        0xc ./Src/syscalls.o
 .group         0x0000000000000000        0xc ./Src/syscalls.o
 .group         0x0000000000000000        0xc ./Src/syscalls.o
 .group         0x0000000000000000        0xc ./Src/syscalls.o
 .group         0x0000000000000000        0xc ./Src/syscalls.o
 .group         0x0000000000000000        0xc ./Src/syscalls.o
 .group         0x0000000000000000        0xc ./Src/syscalls.o
 .group         0x0000000000000000        0xc ./Src/syscalls.o
 .group         0x0000000000000000        0xc ./Src/syscalls.o
 .group         0x0000000000000000        0xc ./Src/syscalls.o
 .group         0x0000000000000000        0xc ./Src/syscalls.o
 .group         0x0000000000000000        0xc ./Src/syscalls.o
 .group         0x0000000000000000        0xc ./Src/syscalls.o
 .group         0x0000000000000000        0xc ./Src/syscalls.o
 .group         0x0000000000000000        0xc ./Src/syscalls.o
 .group         0x0000000000000000        0xc ./Src/syscalls.o
 .group         0x0000000000000000        0xc ./Src/syscalls.o
 .group         0x0000000000000000        0xc ./Src/syscalls.o
 .group         0x0000000000000000        0xc ./Src/syscalls.o
 .group         0x0000000000000000        0xc ./Src/syscalls.o
 .group         0x0000000000000000        0xc ./Src/syscalls.o
 .text          0x0000000000000000        0x0 ./Src/syscalls.o
 .data          0x0000000000000000        0x0 ./Src/syscalls.o
 .bss           0x0000000000000000        0x0 ./Src/syscalls.o
 .text.ITM_SendChar
                0x0000000000000000       0x4c ./Src/syscalls.o
 .bss.__env     0x0000000000000000        0x4 ./Src/syscalls.o
 .data.environ  0x0000000000000000        0x4 ./Src/syscalls.o
 .text.initialise_monitor_handles
                0x0000000000000000        0xc ./Src/syscalls.o
 .text._getpid  0x0000000000000000        0xe ./Src/syscalls.o
 .text._kill    0x0000000000000000       0x20 ./Src/syscalls.o
 .text._exit    0x0000000000000000       0x14 ./Src/syscalls.o
 .text._read    0x0000000000000000       0x3a ./Src/syscalls.o
 .text._write   0x0000000000000000       0x38 ./Src/syscalls.o
 .text._close   0x0000000000000000       0x16 ./Src/syscalls.o
 .text._fstat   0x0000000000000000       0x1e ./Src/syscalls.o
 .text._isatty  0x0000000000000000       0x14 ./Src/syscalls.o
 .text._lseek   0x0000000000000000       0x18 ./Src/syscalls.o
 .text._open    0x0000000000000000       0x1a ./Src/syscalls.o
 .text._wait    0x0000000000000000       0x1e ./Src/syscalls.o
 .text._unlink  0x0000000000000000       0x1e ./Src/syscalls.o
 .text._times   0x0000000000000000       0x16 ./Src/syscalls.o
 .text._stat    0x0000000000000000       0x1e ./Src/syscalls.o
 .text._link    0x0000000000000000       0x20 ./Src/syscalls.o
 .text._fork    0x0000000000000000       0x16 ./Src/syscalls.o
 .text._execve  0x0000000000000000       0x22 ./Src/syscalls.o
 .debug_info    0x0000000000000000      0x70f ./Src/syscalls.o
 .debug_abbrev  0x0000000000000000      0x1af ./Src/syscalls.o
 .debug_aranges
                0x0000000000000000       0xb0 ./Src/syscalls.o
 .debug_ranges  0x0000000000000000       0xa0 ./Src/syscalls.o
 .debug_macro   0x0000000000000000      0x25e ./Src/syscalls.o
 .debug_macro   0x0000000000000000      0xa78 ./Src/syscalls.o
 .debug_macro   0x0000000000000000       0x22 ./Src/syscalls.o
 .debug_macro   0x0000000000000000       0x4c ./Src/syscalls.o
 .debug_macro   0x0000000000000000       0x18 ./Src/syscalls.o
 .debug_macro   0x0000000000000000       0x94 ./Src/syscalls.o
 .debug_macro   0x0000000000000000       0x3c ./Src/syscalls.o
 .debug_macro   0x0000000000000000       0x34 ./Src/syscalls.o
 .debug_macro   0x0000000000000000       0x57 ./Src/syscalls.o
 .debug_macro   0x0000000000000000      0x174 ./Src/syscalls.o
 .debug_macro   0x0000000000000000      0x341 ./Src/syscalls.o
 .debug_macro   0x0000000000000000       0x16 ./Src/syscalls.o
 .debug_macro   0x0000000000000000       0x43 ./Src/syscalls.o
 .debug_macro   0x0000000000000000       0x34 ./Src/syscalls.o
 .debug_macro   0x0000000000000000       0x10 ./Src/syscalls.o
 .debug_macro   0x0000000000000000       0x58 ./Src/syscalls.o
 .debug_macro   0x0000000000000000       0x71 ./Src/syscalls.o
 .debug_macro   0x0000000000000000       0x1c ./Src/syscalls.o
 .debug_macro   0x0000000000000000      0x12a ./Src/syscalls.o
 .debug_macro   0x0000000000000000       0x10 ./Src/syscalls.o
 .debug_macro   0x0000000000000000       0x35 ./Src/syscalls.o
 .debug_macro   0x0000000000000000       0x10 ./Src/syscalls.o
 .debug_macro   0x0000000000000000       0x10 ./Src/syscalls.o
 .debug_macro   0x0000000000000000       0x10 ./Src/syscalls.o
 .debug_macro   0x0000000000000000       0x6a ./Src/syscalls.o
 .debug_macro   0x0000000000000000       0x1c ./Src/syscalls.o
 .debug_macro   0x0000000000000000       0x52 ./Src/syscalls.o
 .debug_macro   0x0000000000000000       0x22 ./Src/syscalls.o
 .debug_macro   0x0000000000000000       0x10 ./Src/syscalls.o
 .debug_macro   0x0000000000000000       0x52 ./Src/syscalls.o
 .debug_macro   0x0000000000000000       0xd5 ./Src/syscalls.o
 .debug_macro   0x0000000000000000       0x1c ./Src/syscalls.o
 .debug_macro   0x0000000000000000       0x3d ./Src/syscalls.o
 .debug_macro   0x0000000000000000       0x35 ./Src/syscalls.o
 .debug_macro   0x0000000000000000      0x12c ./Src/syscalls.o
 .debug_macro   0x0000000000000000       0x16 ./Src/syscalls.o
 .debug_macro   0x0000000000000000       0x16 ./Src/syscalls.o
 .debug_macro   0x0000000000000000       0x29 ./Src/syscalls.o
 .debug_macro   0x0000000000000000       0x10 ./Src/syscalls.o
 .debug_macro   0x0000000000000000      0x241 ./Src/syscalls.o
 .debug_macro   0x0000000000000000       0x1c ./Src/syscalls.o
 .debug_macro   0x0000000000000000       0x10 ./Src/syscalls.o
 .debug_macro   0x0000000000000000       0x10 ./Src/syscalls.o
 .debug_macro   0x0000000000000000       0x16 ./Src/syscalls.o
 .debug_macro   0x0000000000000000      0x145 ./Src/syscalls.o
 .debug_macro   0x0000000000000000      0x189 ./Src/syscalls.o
 .debug_macro   0x0000000000000000       0x16 ./Src/syscalls.o
 .debug_macro   0x0000000000000000       0xce ./Src/syscalls.o
 .debug_line    0x0000000000000000      0x824 ./Src/syscalls.o
 .debug_str     0x0000000000000000     0x8ae3 ./Src/syscalls.o
 .comment       0x0000000000000000       0x51 ./Src/syscalls.o
 .debug_frame   0x0000000000000000      0x2d4 ./Src/syscalls.o
 .ARM.attributes
                0x0000000000000000       0x2e ./Src/syscalls.o
 .group         0x0000000000000000        0xc ./Src/sysmem.o
 .group         0x0000000000000000        0xc ./Src/sysmem.o
 .group         0x0000000000000000        0xc ./Src/sysmem.o
 .group         0x0000000000000000        0xc ./Src/sysmem.o
 .group         0x0000000000000000        0xc ./Src/sysmem.o
 .group         0x0000000000000000        0xc ./Src/sysmem.o
 .group         0x0000000000000000        0xc ./Src/sysmem.o
 .group         0x0000000000000000        0xc ./Src/sysmem.o
 .group         0x0000000000000000        0xc ./Src/sysmem.o
 .group         0x0000000000000000        0xc ./Src/sysmem.o
 .group         0x0000000000000000        0xc ./Src/sysmem.o
 .group         0x0000000000000000        0xc ./Src/sysmem.o
 .group         0x0000000000000000        0xc ./Src/sysmem.o
 .group         0x0000000000000000        0xc ./Src/sysmem.o
 .group         0x0000000000000000        0xc ./Src/sysmem.o
 .group         0x0000000000000000        0xc ./Src/sysmem.o
 .group         0x0000000000000000        0xc ./Src/sysmem.o
 .group         0x0000000000000000        0xc ./Src/sysmem.o
 .group         0x0000000000000000        0xc ./Src/sysmem.o
 .group         0x0000000000000000        0xc ./Src/sysmem.o
 .group         0x0000000000000000        0xc ./Src/sysmem.o
 .group         0x0000000000000000        0xc ./Src/sysmem.o
 .text          0x0000000000000000        0x0 ./Src/sysmem.o
 .data          0x0000000000000000        0x0 ./Src/sysmem.o
 .bss           0x0000000000000000        0x0 ./Src/sysmem.o
 .bss.__sbrk_heap_end
                0x0000000000000000        0x4 ./Src/sysmem.o
 .text._sbrk    0x0000000000000000       0x6c ./Src/sysmem.o
 .debug_info    0x0000000000000000      0x171 ./Src/sysmem.o
 .debug_abbrev  0x0000000000000000       0xbb ./Src/sysmem.o
 .debug_aranges
                0x0000000000000000       0x20 ./Src/sysmem.o
 .debug_ranges  0x0000000000000000       0x10 ./Src/sysmem.o
 .debug_macro   0x0000000000000000       0xff ./Src/sysmem.o
 .debug_macro   0x0000000000000000      0xa78 ./Src/sysmem.o
 .debug_macro   0x0000000000000000       0x10 ./Src/sysmem.o
 .debug_macro   0x0000000000000000       0x22 ./Src/sysmem.o
 .debug_macro   0x0000000000000000       0x4c ./Src/sysmem.o
 .debug_macro   0x0000000000000000       0x18 ./Src/sysmem.o
 .debug_macro   0x0000000000000000       0x94 ./Src/sysmem.o
 .debug_macro   0x0000000000000000       0x3c ./Src/sysmem.o
 .debug_macro   0x0000000000000000       0x34 ./Src/sysmem.o
 .debug_macro   0x0000000000000000      0x174 ./Src/sysmem.o
 .debug_macro   0x0000000000000000       0x16 ./Src/sysmem.o
 .debug_macro   0x0000000000000000       0x43 ./Src/sysmem.o
 .debug_macro   0x0000000000000000       0x57 ./Src/sysmem.o
 .debug_macro   0x0000000000000000       0x34 ./Src/sysmem.o
 .debug_macro   0x0000000000000000       0x10 ./Src/sysmem.o
 .debug_macro   0x0000000000000000       0x58 ./Src/sysmem.o
 .debug_macro   0x0000000000000000       0x71 ./Src/sysmem.o
 .debug_macro   0x0000000000000000       0x1c ./Src/sysmem.o
 .debug_macro   0x0000000000000000      0x12a ./Src/sysmem.o
 .debug_macro   0x0000000000000000      0x23b ./Src/sysmem.o
 .debug_macro   0x0000000000000000      0x103 ./Src/sysmem.o
 .debug_macro   0x0000000000000000       0x6a ./Src/sysmem.o
 .debug_macro   0x0000000000000000      0x1df ./Src/sysmem.o
 .debug_line    0x0000000000000000      0x4e5 ./Src/sysmem.o
 .debug_str     0x0000000000000000     0x5d71 ./Src/sysmem.o
 .comment       0x0000000000000000       0x51 ./Src/sysmem.o
 .debug_frame   0x0000000000000000       0x34 ./Src/sysmem.o
 .ARM.attributes
                0x0000000000000000       0x2e ./Src/sysmem.o
 .text          0x0000000000000000       0x14 ./Startup/startup_stm32f429zitx.o
 .data          0x0000000000000000        0x0 ./Startup/startup_stm32f429zitx.o
 .bss           0x0000000000000000        0x0 ./Startup/startup_stm32f429zitx.o
 .group         0x0000000000000000        0xc ./bsp/ds1307.o
 .group         0x0000000000000000        0xc ./bsp/ds1307.o
 .group         0x0000000000000000        0xc ./bsp/ds1307.o
 .group         0x0000000000000000        0xc ./bsp/ds1307.o
 .group         0x0000000000000000        0xc ./bsp/ds1307.o
 .group         0x0000000000000000        0xc ./bsp/ds1307.o
 .group         0x0000000000000000        0xc ./bsp/ds1307.o
 .group         0x0000000000000000        0xc ./bsp/ds1307.o
 .group         0x0000000000000000        0xc ./bsp/ds1307.o
 .group         0x0000000000000000        0xc ./bsp/ds1307.o
 .group         0x0000000000000000        0xc ./bsp/ds1307.o
 .group         0x0000000000000000        0xc ./bsp/ds1307.o
 .group         0x0000000000000000        0xc ./bsp/ds1307.o
 .group         0x0000000000000000        0xc ./bsp/ds1307.o
 .group         0x0000000000000000        0xc ./bsp/ds1307.o
 .group         0x0000000000000000        0xc ./bsp/ds1307.o
 .group         0x0000000000000000        0xc ./bsp/ds1307.o
 .group         0x0000000000000000        0xc ./bsp/ds1307.o
 .group         0x0000000000000000        0xc ./bsp/ds1307.o
 .group         0x0000000000000000        0xc ./bsp/ds1307.o
 .group         0x0000000000000000        0xc ./bsp/ds1307.o
 .group         0x0000000000000000        0xc ./bsp/ds1307.o
 .group         0x0000000000000000        0xc ./bsp/ds1307.o
 .group         0x0000000000000000        0xc ./bsp/ds1307.o
 .group         0x0000000000000000        0xc ./bsp/ds1307.o
 .group         0x0000000000000000        0xc ./bsp/ds1307.o
 .group         0x0000000000000000        0xc ./bsp/ds1307.o
 .group         0x0000000000000000        0xc ./bsp/ds1307.o
 .group         0x0000000000000000        0xc ./bsp/ds1307.o
 .group         0x0000000000000000        0xc ./bsp/ds1307.o
 .text          0x0000000000000000        0x0 ./bsp/ds1307.o
 .data          0x0000000000000000        0x0 ./bsp/ds1307.o
 .bss           0x0000000000000000        0x0 ./bsp/ds1307.o
 .bss.ds1307_i2c_handle
                0x0000000000000000       0x28 ./bsp/ds1307.o
 .text.ds1307_init
                0x0000000000000000       0x44 ./bsp/ds1307.o
 .text.ds1307_set_current_time
                0x0000000000000000       0x92 ./bsp/ds1307.o
 .text.ds1307_get_current_time
                0x0000000000000000       0x88 ./bsp/ds1307.o
 .text.ds1307_set_current_date
                0x0000000000000000       0x60 ./bsp/ds1307.o
 .text.ds1307_get_current_date
                0x0000000000000000       0x68 ./bsp/ds1307.o
 .text.ds1307_i2c_pins_config
                0x0000000000000000       0x78 ./bsp/ds1307.o
 .text.ds1307_i2c_config
                0x0000000000000000       0x2c ./bsp/ds1307.o
 .text.ds1307_write
                0x0000000000000000       0x38 ./bsp/ds1307.o
 .text.ds1307_read
                0x0000000000000000       0x3c ./bsp/ds1307.o
 .text.binary_to_bcd
                0x0000000000000000       0x54 ./bsp/ds1307.o
 .text.bcd_to_binary
                0x0000000000000000       0x34 ./bsp/ds1307.o
 .debug_info    0x0000000000000000      0x748 ./bsp/ds1307.o
 .debug_abbrev  0x0000000000000000      0x202 ./bsp/ds1307.o
 .debug_aranges
                0x0000000000000000       0x70 ./bsp/ds1307.o
 .debug_ranges  0x0000000000000000       0x60 ./bsp/ds1307.o
 .debug_macro   0x0000000000000000      0x195 ./bsp/ds1307.o
 .debug_macro   0x0000000000000000      0xa78 ./bsp/ds1307.o
 .debug_macro   0x0000000000000000       0x22 ./bsp/ds1307.o
 .debug_macro   0x0000000000000000       0x8e ./bsp/ds1307.o
 .debug_macro   0x0000000000000000       0x51 ./bsp/ds1307.o
 .debug_macro   0x0000000000000000      0x103 ./bsp/ds1307.o
 .debug_macro   0x0000000000000000       0x6a ./bsp/ds1307.o
 .debug_macro   0x0000000000000000      0x1df ./bsp/ds1307.o
 .debug_macro   0x0000000000000000      0x174 ./bsp/ds1307.o
 .debug_macro   0x0000000000000000      0xa74 ./bsp/ds1307.o
 .debug_macro   0x0000000000000000      0x124 ./bsp/ds1307.o
 .debug_macro   0x0000000000000000       0xc4 ./bsp/ds1307.o
 .debug_macro   0x0000000000000000      0x106 ./bsp/ds1307.o
 .debug_macro   0x0000000000000000      0x160 ./bsp/ds1307.o
 .debug_macro   0x0000000000000000       0x52 ./bsp/ds1307.o
 .debug_macro   0x0000000000000000       0x18 ./bsp/ds1307.o
 .debug_macro   0x0000000000000000       0x3c ./bsp/ds1307.o
 .debug_macro   0x0000000000000000       0x34 ./bsp/ds1307.o
 .debug_macro   0x0000000000000000       0x16 ./bsp/ds1307.o
 .debug_macro   0x0000000000000000       0x43 ./bsp/ds1307.o
 .debug_macro   0x0000000000000000       0x34 ./bsp/ds1307.o
 .debug_macro   0x0000000000000000       0x10 ./bsp/ds1307.o
 .debug_macro   0x0000000000000000       0x58 ./bsp/ds1307.o
 .debug_macro   0x0000000000000000       0x71 ./bsp/ds1307.o
 .debug_macro   0x0000000000000000       0x1c ./bsp/ds1307.o
 .debug_macro   0x0000000000000000      0x12a ./bsp/ds1307.o
 .debug_macro   0x0000000000000000      0x341 ./bsp/ds1307.o
 .debug_macro   0x0000000000000000       0x10 ./bsp/ds1307.o
 .debug_macro   0x0000000000000000       0x35 ./bsp/ds1307.o
 .debug_macro   0x0000000000000000       0x20 ./bsp/ds1307.o
 .debug_macro   0x0000000000000000       0x94 ./bsp/ds1307.o
 .debug_line    0x0000000000000000      0x791 ./bsp/ds1307.o
 .debug_str     0x0000000000000000     0xb0d2 ./bsp/ds1307.o
 .comment       0x0000000000000000       0x51 ./bsp/ds1307.o
 .debug_frame   0x0000000000000000      0x19c ./bsp/ds1307.o
 .ARM.attributes
                0x0000000000000000       0x2e ./bsp/ds1307.o
 .group         0x0000000000000000        0xc ./drivers/Src/stm32f429xx_gpio_driver.o
 .group         0x0000000000000000        0xc ./drivers/Src/stm32f429xx_gpio_driver.o
 .group         0x0000000000000000        0xc ./drivers/Src/stm32f429xx_gpio_driver.o
 .group         0x0000000000000000        0xc ./drivers/Src/stm32f429xx_gpio_driver.o
 .group         0x0000000000000000        0xc ./drivers/Src/stm32f429xx_gpio_driver.o
 .group         0x0000000000000000        0xc ./drivers/Src/stm32f429xx_gpio_driver.o
 .group         0x0000000000000000        0xc ./drivers/Src/stm32f429xx_gpio_driver.o
 .group         0x0000000000000000        0xc ./drivers/Src/stm32f429xx_gpio_driver.o
 .group         0x0000000000000000        0xc ./drivers/Src/stm32f429xx_gpio_driver.o
 .group         0x0000000000000000        0xc ./drivers/Src/stm32f429xx_gpio_driver.o
 .group         0x0000000000000000        0xc ./drivers/Src/stm32f429xx_gpio_driver.o
 .group         0x0000000000000000        0xc ./drivers/Src/stm32f429xx_gpio_driver.o
 .group         0x0000000000000000        0xc ./drivers/Src/stm32f429xx_gpio_driver.o
 .text          0x0000000000000000        0x0 ./drivers/Src/stm32f429xx_gpio_driver.o
 .data          0x0000000000000000        0x0 ./drivers/Src/stm32f429xx_gpio_driver.o
 .bss           0x0000000000000000        0x0 ./drivers/Src/stm32f429xx_gpio_driver.o
 .text.GPIO_DeInit
                0x0000000000000000      0x190 ./drivers/Src/stm32f429xx_gpio_driver.o
 .text.GPIO_ReadFromInputPin
                0x0000000000000000       0x2a ./drivers/Src/stm32f429xx_gpio_driver.o
 .text.GPIO_ReadFromInputPort
                0x0000000000000000       0x1a ./drivers/Src/stm32f429xx_gpio_driver.o
 .text.GPIO_WriteToOutputPin
                0x0000000000000000       0x48 ./drivers/Src/stm32f429xx_gpio_driver.o
 .text.GPIO_WriteToOutputPort
                0x0000000000000000       0x22 ./drivers/Src/stm32f429xx_gpio_driver.o
 .debug_macro   0x0000000000000000      0xa78 ./drivers/Src/stm32f429xx_gpio_driver.o
 .debug_macro   0x0000000000000000       0x22 ./drivers/Src/stm32f429xx_gpio_driver.o
 .debug_macro   0x0000000000000000       0x8e ./drivers/Src/stm32f429xx_gpio_driver.o
 .debug_macro   0x0000000000000000       0x51 ./drivers/Src/stm32f429xx_gpio_driver.o
 .debug_macro   0x0000000000000000      0x103 ./drivers/Src/stm32f429xx_gpio_driver.o
 .debug_macro   0x0000000000000000       0x6a ./drivers/Src/stm32f429xx_gpio_driver.o
 .debug_macro   0x0000000000000000      0x1df ./drivers/Src/stm32f429xx_gpio_driver.o
 .debug_macro   0x0000000000000000      0x174 ./drivers/Src/stm32f429xx_gpio_driver.o
 .debug_macro   0x0000000000000000      0xa74 ./drivers/Src/stm32f429xx_gpio_driver.o
 .debug_macro   0x0000000000000000       0xbe ./drivers/Src/stm32f429xx_gpio_driver.o
 .debug_macro   0x0000000000000000      0x106 ./drivers/Src/stm32f429xx_gpio_driver.o
 .debug_macro   0x0000000000000000      0x160 ./drivers/Src/stm32f429xx_gpio_driver.o
 .debug_macro   0x0000000000000000      0x124 ./drivers/Src/stm32f429xx_gpio_driver.o
 .group         0x0000000000000000        0xc ./drivers/Src/stm32f429xx_i2c_driver.o
 .group         0x0000000000000000        0xc ./drivers/Src/stm32f429xx_i2c_driver.o
 .group         0x0000000000000000        0xc ./drivers/Src/stm32f429xx_i2c_driver.o
 .group         0x0000000000000000        0xc ./drivers/Src/stm32f429xx_i2c_driver.o
 .group         0x0000000000000000        0xc ./drivers/Src/stm32f429xx_i2c_driver.o
 .group         0x0000000000000000        0xc ./drivers/Src/stm32f429xx_i2c_driver.o
 .group         0x0000000000000000        0xc ./drivers/Src/stm32f429xx_i2c_driver.o
 .group         0x0000000000000000        0xc ./drivers/Src/stm32f429xx_i2c_driver.o
 .group         0x0000000000000000        0xc ./drivers/Src/stm32f429xx_i2c_driver.o
 .group         0x0000000000000000        0xc ./drivers/Src/stm32f429xx_i2c_driver.o
 .group         0x0000000000000000        0xc ./drivers/Src/stm32f429xx_i2c_driver.o
 .group         0x0000000000000000        0xc ./drivers/Src/stm32f429xx_i2c_driver.o
 .group         0x0000000000000000        0xc ./drivers/Src/stm32f429xx_i2c_driver.o
 .text          0x0000000000000000        0x0 ./drivers/Src/stm32f429xx_i2c_driver.o
 .data          0x0000000000000000        0x0 ./drivers/Src/stm32f429xx_i2c_driver.o
 .bss           0x0000000000000000        0x0 ./drivers/Src/stm32f429xx_i2c_driver.o
 .text.I2C_PClockControl
                0x0000000000000000       0xb0 ./drivers/Src/stm32f429xx_i2c_driver.o
 .text.I2C_PControl
                0x0000000000000000       0x36 ./drivers/Src/stm32f429xx_i2c_driver.o
 .text.I2C_Init
                0x0000000000000000      0x15c ./drivers/Src/stm32f429xx_i2c_driver.o
 .text.I2C_DeInit
                0x0000000000000000       0x64 ./drivers/Src/stm32f429xx_i2c_driver.o
 .text.I2C_MasterTX
                0x0000000000000000       0xc6 ./drivers/Src/stm32f429xx_i2c_driver.o
 .text.I2C_MasterTXIT
                0x0000000000000000       0x88 ./drivers/Src/stm32f429xx_i2c_driver.o
 .text.I2C_MasterRX
                0x0000000000000000      0x114 ./drivers/Src/stm32f429xx_i2c_driver.o
 .text.I2C_MasterRXIT
                0x0000000000000000       0x8e ./drivers/Src/stm32f429xx_i2c_driver.o
 .text.I2C_SlaveTX
                0x0000000000000000       0x1c ./drivers/Src/stm32f429xx_i2c_driver.o
 .text.I2C_SlaveRX
                0x0000000000000000       0x18 ./drivers/Src/stm32f429xx_i2c_driver.o
 .text.I2C_IRQPriorityConfig
                0x0000000000000000       0x5a ./drivers/Src/stm32f429xx_i2c_driver.o
 .text.I2C_IRQInterruptConfig
                0x0000000000000000      0x108 ./drivers/Src/stm32f429xx_i2c_driver.o
 .text.I2C_EV_IRQHandling
                0x0000000000000000      0x1bc ./drivers/Src/stm32f429xx_i2c_driver.o
 .text.I2C_ER_IRQHandling
                0x0000000000000000       0xdc ./drivers/Src/stm32f429xx_i2c_driver.o
 .text.I2C_ApplicationCallback
                0x0000000000000000       0x16 ./drivers/Src/stm32f429xx_i2c_driver.o
 .text.I2C_GetFlagStatus
                0x0000000000000000       0x28 ./drivers/Src/stm32f429xx_i2c_driver.o
 .text.I2C_ManageACKing
                0x0000000000000000       0x36 ./drivers/Src/stm32f429xx_i2c_driver.o
 .text.I2C_CloseTransmission
                0x0000000000000000       0x44 ./drivers/Src/stm32f429xx_i2c_driver.o
 .text.I2C_CloseReception
                0x0000000000000000       0x5c ./drivers/Src/stm32f429xx_i2c_driver.o
 .text.I2C_GenerateStopCondition
                0x0000000000000000       0x1e ./drivers/Src/stm32f429xx_i2c_driver.o
 .text.I2C_SlaveEnDiCallbackEvents
                0x0000000000000000       0x66 ./drivers/Src/stm32f429xx_i2c_driver.o
 .text.I2C_GenerateStart
                0x0000000000000000       0x1e ./drivers/Src/stm32f429xx_i2c_driver.o
 .text.I2C_ExecuteAddressPhaseWrite
                0x0000000000000000       0x2a ./drivers/Src/stm32f429xx_i2c_driver.o
 .text.I2C_ExecuteAddressPhaseRead
                0x0000000000000000       0x2a ./drivers/Src/stm32f429xx_i2c_driver.o
 .text.I2C_ClearADDRFlag
                0x0000000000000000       0x6e ./drivers/Src/stm32f429xx_i2c_driver.o
 .text.I2C_MasterTXITHandler
                0x0000000000000000       0x3a ./drivers/Src/stm32f429xx_i2c_driver.o
 .text.I2C_MasterRXITHandler
                0x0000000000000000       0x98 ./drivers/Src/stm32f429xx_i2c_driver.o
 .debug_info    0x0000000000000000      0xacc ./drivers/Src/stm32f429xx_i2c_driver.o
 .debug_abbrev  0x0000000000000000      0x244 ./drivers/Src/stm32f429xx_i2c_driver.o
 .debug_aranges
                0x0000000000000000       0xf0 ./drivers/Src/stm32f429xx_i2c_driver.o
 .debug_ranges  0x0000000000000000       0xe0 ./drivers/Src/stm32f429xx_i2c_driver.o
 .debug_macro   0x0000000000000000       0xc2 ./drivers/Src/stm32f429xx_i2c_driver.o
 .debug_macro   0x0000000000000000      0xa78 ./drivers/Src/stm32f429xx_i2c_driver.o
 .debug_macro   0x0000000000000000       0x22 ./drivers/Src/stm32f429xx_i2c_driver.o
 .debug_macro   0x0000000000000000       0x8e ./drivers/Src/stm32f429xx_i2c_driver.o
 .debug_macro   0x0000000000000000       0x51 ./drivers/Src/stm32f429xx_i2c_driver.o
 .debug_macro   0x0000000000000000      0x103 ./drivers/Src/stm32f429xx_i2c_driver.o
 .debug_macro   0x0000000000000000       0x6a ./drivers/Src/stm32f429xx_i2c_driver.o
 .debug_macro   0x0000000000000000      0x1df ./drivers/Src/stm32f429xx_i2c_driver.o
 .debug_macro   0x0000000000000000      0x174 ./drivers/Src/stm32f429xx_i2c_driver.o
 .debug_macro   0x0000000000000000      0xa74 ./drivers/Src/stm32f429xx_i2c_driver.o
 .debug_macro   0x0000000000000000      0x124 ./drivers/Src/stm32f429xx_i2c_driver.o
 .debug_macro   0x0000000000000000       0xc4 ./drivers/Src/stm32f429xx_i2c_driver.o
 .debug_macro   0x0000000000000000      0x160 ./drivers/Src/stm32f429xx_i2c_driver.o
 .debug_macro   0x0000000000000000      0x100 ./drivers/Src/stm32f429xx_i2c_driver.o
 .debug_line    0x0000000000000000      0xcf8 ./drivers/Src/stm32f429xx_i2c_driver.o
 .debug_str     0x0000000000000000     0x81df ./drivers/Src/stm32f429xx_i2c_driver.o
 .comment       0x0000000000000000       0x51 ./drivers/Src/stm32f429xx_i2c_driver.o
 .debug_frame   0x0000000000000000      0x420 ./drivers/Src/stm32f429xx_i2c_driver.o
 .ARM.attributes
                0x0000000000000000       0x2e ./drivers/Src/stm32f429xx_i2c_driver.o
 .group         0x0000000000000000        0xc ./drivers/Src/stm32f429xx_rcc_driver.o
 .group         0x0000000000000000        0xc ./drivers/Src/stm32f429xx_rcc_driver.o
 .group         0x0000000000000000        0xc ./drivers/Src/stm32f429xx_rcc_driver.o
 .group         0x0000000000000000        0xc ./drivers/Src/stm32f429xx_rcc_driver.o
 .group         0x0000000000000000        0xc ./drivers/Src/stm32f429xx_rcc_driver.o
 .group         0x0000000000000000        0xc ./drivers/Src/stm32f429xx_rcc_driver.o
 .group         0x0000000000000000        0xc ./drivers/Src/stm32f429xx_rcc_driver.o
 .group         0x0000000000000000        0xc ./drivers/Src/stm32f429xx_rcc_driver.o
 .group         0x0000000000000000        0xc ./drivers/Src/stm32f429xx_rcc_driver.o
 .group         0x0000000000000000        0xc ./drivers/Src/stm32f429xx_rcc_driver.o
 .group         0x0000000000000000        0xc ./drivers/Src/stm32f429xx_rcc_driver.o
 .group         0x0000000000000000        0xc ./drivers/Src/stm32f429xx_rcc_driver.o
 .group         0x0000000000000000        0xc ./drivers/Src/stm32f429xx_rcc_driver.o
 .text          0x0000000000000000        0x0 ./drivers/Src/stm32f429xx_rcc_driver.o
 .data          0x0000000000000000        0x0 ./drivers/Src/stm32f429xx_rcc_driver.o
 .bss           0x0000000000000000        0x0 ./drivers/Src/stm32f429xx_rcc_driver.o
 .data.AHB1_preScaler
                0x0000000000000000       0x10 ./drivers/Src/stm32f429xx_rcc_driver.o
 .data.APB_preScaler
                0x0000000000000000        0x4 ./drivers/Src/stm32f429xx_rcc_driver.o
 .text.RCC_GetfPClk1Value
                0x0000000000000000       0xbc ./drivers/Src/stm32f429xx_rcc_driver.o
 .text.RCC_GetfPClk2Value
                0x0000000000000000       0xbc ./drivers/Src/stm32f429xx_rcc_driver.o
 .text.RCC_GetPLLClkValue
                0x0000000000000000        0xe ./drivers/Src/stm32f429xx_rcc_driver.o
 .debug_info    0x0000000000000000      0x3d3 ./drivers/Src/stm32f429xx_rcc_driver.o
 .debug_abbrev  0x0000000000000000      0x111 ./drivers/Src/stm32f429xx_rcc_driver.o
 .debug_aranges
                0x0000000000000000       0x30 ./drivers/Src/stm32f429xx_rcc_driver.o
 .debug_ranges  0x0000000000000000       0x20 ./drivers/Src/stm32f429xx_rcc_driver.o
 .debug_macro   0x0000000000000000       0xbc ./drivers/Src/stm32f429xx_rcc_driver.o
 .debug_macro   0x0000000000000000      0xa78 ./drivers/Src/stm32f429xx_rcc_driver.o
 .debug_macro   0x0000000000000000       0x22 ./drivers/Src/stm32f429xx_rcc_driver.o
 .debug_macro   0x0000000000000000       0x8e ./drivers/Src/stm32f429xx_rcc_driver.o
 .debug_macro   0x0000000000000000       0x51 ./drivers/Src/stm32f429xx_rcc_driver.o
 .debug_macro   0x0000000000000000      0x103 ./drivers/Src/stm32f429xx_rcc_driver.o
 .debug_macro   0x0000000000000000       0x6a ./drivers/Src/stm32f429xx_rcc_driver.o
 .debug_macro   0x0000000000000000      0x1df ./drivers/Src/stm32f429xx_rcc_driver.o
 .debug_macro   0x0000000000000000      0x174 ./drivers/Src/stm32f429xx_rcc_driver.o
 .debug_macro   0x0000000000000000      0xa74 ./drivers/Src/stm32f429xx_rcc_driver.o
 .debug_macro   0x0000000000000000      0x124 ./drivers/Src/stm32f429xx_rcc_driver.o
 .debug_macro   0x0000000000000000       0xc4 ./drivers/Src/stm32f429xx_rcc_driver.o
 .debug_macro   0x0000000000000000      0x106 ./drivers/Src/stm32f429xx_rcc_driver.o
 .debug_macro   0x0000000000000000      0x160 ./drivers/Src/stm32f429xx_rcc_driver.o
 .debug_line    0x0000000000000000      0x55f ./drivers/Src/stm32f429xx_rcc_driver.o
 .debug_str     0x0000000000000000     0x7f13 ./drivers/Src/stm32f429xx_rcc_driver.o
 .comment       0x0000000000000000       0x51 ./drivers/Src/stm32f429xx_rcc_driver.o
 .debug_frame   0x0000000000000000       0x78 ./drivers/Src/stm32f429xx_rcc_driver.o
 .ARM.attributes
                0x0000000000000000       0x2e ./drivers/Src/stm32f429xx_rcc_driver.o
 .group         0x0000000000000000        0xc ./drivers/Src/stm32f429xx_spi_driver.o
 .group         0x0000000000000000        0xc ./drivers/Src/stm32f429xx_spi_driver.o
 .group         0x0000000000000000        0xc ./drivers/Src/stm32f429xx_spi_driver.o
 .group         0x0000000000000000        0xc ./drivers/Src/stm32f429xx_spi_driver.o
 .group         0x0000000000000000        0xc ./drivers/Src/stm32f429xx_spi_driver.o
 .group         0x0000000000000000        0xc ./drivers/Src/stm32f429xx_spi_driver.o
 .group         0x0000000000000000        0xc ./drivers/Src/stm32f429xx_spi_driver.o
 .group         0x0000000000000000        0xc ./drivers/Src/stm32f429xx_spi_driver.o
 .group         0x0000000000000000        0xc ./drivers/Src/stm32f429xx_spi_driver.o
 .group         0x0000000000000000        0xc ./drivers/Src/stm32f429xx_spi_driver.o
 .group         0x0000000000000000        0xc ./drivers/Src/stm32f429xx_spi_driver.o
 .group         0x0000000000000000        0xc ./drivers/Src/stm32f429xx_spi_driver.o
 .group         0x0000000000000000        0xc ./drivers/Src/stm32f429xx_spi_driver.o
 .text          0x0000000000000000        0x0 ./drivers/Src/stm32f429xx_spi_driver.o
 .data          0x0000000000000000        0x0 ./drivers/Src/stm32f429xx_spi_driver.o
 .bss           0x0000000000000000        0x0 ./drivers/Src/stm32f429xx_spi_driver.o
 .text.SPI_PClockControl
                0x0000000000000000      0x140 ./drivers/Src/stm32f429xx_spi_driver.o
 .text.SPI_GetFlagStatus
                0x0000000000000000       0x28 ./drivers/Src/stm32f429xx_spi_driver.o
 .text.SPI_Init
                0x0000000000000000       0xbe ./drivers/Src/stm32f429xx_spi_driver.o
 .text.SPI_DeInit
                0x0000000000000000       0xb0 ./drivers/Src/stm32f429xx_spi_driver.o
 .text.SPI_SendData
                0x0000000000000000       0x6e ./drivers/Src/stm32f429xx_spi_driver.o
 .text.SPI_SendDataIT
                0x0000000000000000       0x46 ./drivers/Src/stm32f429xx_spi_driver.o
 .text.SPI_ReceiveData
                0x0000000000000000       0x6e ./drivers/Src/stm32f429xx_spi_driver.o
 .text.SPI_ReceiveDataIT
                0x0000000000000000       0x46 ./drivers/Src/stm32f429xx_spi_driver.o
 .text.SPI_InterruptPriorityConfig
                0x0000000000000000       0x5a ./drivers/Src/stm32f429xx_spi_driver.o
 .text.SPI_InterruptConfig
                0x0000000000000000      0x10c ./drivers/Src/stm32f429xx_spi_driver.o
 .text.SPI_InterruptHanling
                0x0000000000000000       0x9a ./drivers/Src/stm32f429xx_spi_driver.o
 .text.SPI_PControl
                0x0000000000000000       0x36 ./drivers/Src/stm32f429xx_spi_driver.o
 .text.SPI_SSIConfig
                0x0000000000000000       0x36 ./drivers/Src/stm32f429xx_spi_driver.o
 .text.SPI_SSOEConfig
                0x0000000000000000       0x36 ./drivers/Src/stm32f429xx_spi_driver.o
 .text.SPI_ClearOVRFlag
                0x0000000000000000       0x22 ./drivers/Src/stm32f429xx_spi_driver.o
 .text.SPI_CloseTransmission
                0x0000000000000000       0x34 ./drivers/Src/stm32f429xx_spi_driver.o
 .text.SPI_CloseReception
                0x0000000000000000       0x34 ./drivers/Src/stm32f429xx_spi_driver.o
 .text.spi_tx_interrupt_handling
                0x0000000000000000       0x80 ./drivers/Src/stm32f429xx_spi_driver.o
 .text.spi_rx_interrupt_handling
                0x0000000000000000       0x84 ./drivers/Src/stm32f429xx_spi_driver.o
 .text.spi_ovrr_interrupt_handling
                0x0000000000000000       0x30 ./drivers/Src/stm32f429xx_spi_driver.o
 .text.SPI_ApplicationCallback
                0x0000000000000000       0x16 ./drivers/Src/stm32f429xx_spi_driver.o
 .debug_info    0x0000000000000000      0x900 ./drivers/Src/stm32f429xx_spi_driver.o
 .debug_abbrev  0x0000000000000000      0x1d5 ./drivers/Src/stm32f429xx_spi_driver.o
 .debug_aranges
                0x0000000000000000       0xc0 ./drivers/Src/stm32f429xx_spi_driver.o
 .debug_ranges  0x0000000000000000       0xb0 ./drivers/Src/stm32f429xx_spi_driver.o
 .debug_macro   0x0000000000000000       0xc2 ./drivers/Src/stm32f429xx_spi_driver.o
 .debug_macro   0x0000000000000000      0xa78 ./drivers/Src/stm32f429xx_spi_driver.o
 .debug_macro   0x0000000000000000       0x22 ./drivers/Src/stm32f429xx_spi_driver.o
 .debug_macro   0x0000000000000000       0x8e ./drivers/Src/stm32f429xx_spi_driver.o
 .debug_macro   0x0000000000000000       0x51 ./drivers/Src/stm32f429xx_spi_driver.o
 .debug_macro   0x0000000000000000      0x103 ./drivers/Src/stm32f429xx_spi_driver.o
 .debug_macro   0x0000000000000000       0x6a ./drivers/Src/stm32f429xx_spi_driver.o
 .debug_macro   0x0000000000000000      0x1df ./drivers/Src/stm32f429xx_spi_driver.o
 .debug_macro   0x0000000000000000      0x174 ./drivers/Src/stm32f429xx_spi_driver.o
 .debug_macro   0x0000000000000000      0xa74 ./drivers/Src/stm32f429xx_spi_driver.o
 .debug_macro   0x0000000000000000      0x124 ./drivers/Src/stm32f429xx_spi_driver.o
 .debug_macro   0x0000000000000000      0x106 ./drivers/Src/stm32f429xx_spi_driver.o
 .debug_macro   0x0000000000000000      0x160 ./drivers/Src/stm32f429xx_spi_driver.o
 .debug_macro   0x0000000000000000       0xbe ./drivers/Src/stm32f429xx_spi_driver.o
 .debug_line    0x0000000000000000      0xa41 ./drivers/Src/stm32f429xx_spi_driver.o
 .debug_str     0x0000000000000000     0x8142 ./drivers/Src/stm32f429xx_spi_driver.o
 .comment       0x0000000000000000       0x51 ./drivers/Src/stm32f429xx_spi_driver.o
 .debug_frame   0x0000000000000000      0x33c ./drivers/Src/stm32f429xx_spi_driver.o
 .ARM.attributes
                0x0000000000000000       0x2e ./drivers/Src/stm32f429xx_spi_driver.o
 .group         0x0000000000000000        0xc ./drivers/Src/stm32f429xx_usart_driver.o
 .group         0x0000000000000000        0xc ./drivers/Src/stm32f429xx_usart_driver.o
 .group         0x0000000000000000        0xc ./drivers/Src/stm32f429xx_usart_driver.o
 .group         0x0000000000000000        0xc ./drivers/Src/stm32f429xx_usart_driver.o
 .group         0x0000000000000000        0xc ./drivers/Src/stm32f429xx_usart_driver.o
 .group         0x0000000000000000        0xc ./drivers/Src/stm32f429xx_usart_driver.o
 .group         0x0000000000000000        0xc ./drivers/Src/stm32f429xx_usart_driver.o
 .group         0x0000000000000000        0xc ./drivers/Src/stm32f429xx_usart_driver.o
 .group         0x0000000000000000        0xc ./drivers/Src/stm32f429xx_usart_driver.o
 .group         0x0000000000000000        0xc ./drivers/Src/stm32f429xx_usart_driver.o
 .group         0x0000000000000000        0xc ./drivers/Src/stm32f429xx_usart_driver.o
 .group         0x0000000000000000        0xc ./drivers/Src/stm32f429xx_usart_driver.o
 .group         0x0000000000000000        0xc ./drivers/Src/stm32f429xx_usart_driver.o
 .text          0x0000000000000000        0x0 ./drivers/Src/stm32f429xx_usart_driver.o
 .data          0x0000000000000000        0x0 ./drivers/Src/stm32f429xx_usart_driver.o
 .bss           0x0000000000000000        0x0 ./drivers/Src/stm32f429xx_usart_driver.o
 .text.USART_PClockControl
                0x0000000000000000      0x1a0 ./drivers/Src/stm32f429xx_usart_driver.o
 .text.USART_PControl
                0x0000000000000000       0x36 ./drivers/Src/stm32f429xx_usart_driver.o
 .text.USART_Init
                0x0000000000000000      0x136 ./drivers/Src/stm32f429xx_usart_driver.o
 .text.USART_DeInit
                0x0000000000000000       0xe4 ./drivers/Src/stm32f429xx_usart_driver.o
 .text.USART_SendData
                0x0000000000000000       0x9c ./drivers/Src/stm32f429xx_usart_driver.o
 .text.USART_ReceiveData
                0x0000000000000000       0xb0 ./drivers/Src/stm32f429xx_usart_driver.o
 .text.USART_SendDataIT
                0x0000000000000000       0x5a ./drivers/Src/stm32f429xx_usart_driver.o
 .text.USART_ReceiveDataIT
                0x0000000000000000       0x50 ./drivers/Src/stm32f429xx_usart_driver.o
 .text.USART_IRQPriorityConfig
                0x0000000000000000       0x5a ./drivers/Src/stm32f429xx_usart_driver.o
 .text.USART_IRQConfig
                0x0000000000000000      0x108 ./drivers/Src/stm32f429xx_usart_driver.o
 .text.USART_InterruptHandling
                0x0000000000000000      0x1ba ./drivers/Src/stm32f429xx_usart_driver.o
 .text.USART_CloseTransmission
                0x0000000000000000       0x36 ./drivers/Src/stm32f429xx_usart_driver.o
 .text.USART_CloseReception
                0x0000000000000000       0x2a ./drivers/Src/stm32f429xx_usart_driver.o
 .text.USART_GetFlagStatus
                0x0000000000000000       0x28 ./drivers/Src/stm32f429xx_usart_driver.o
 .text.USART_ClearFlag
                0x0000000000000000       0x24 ./drivers/Src/stm32f429xx_usart_driver.o
 .text.USART_SetBaudrate
                0x0000000000000000       0xe8 ./drivers/Src/stm32f429xx_usart_driver.o
 .text.USART_ApplicationCallback
                0x0000000000000000       0x16 ./drivers/Src/stm32f429xx_usart_driver.o
 .text.USART_TXHandler
                0x0000000000000000       0xb2 ./drivers/Src/stm32f429xx_usart_driver.o
 .text.USART_RXHandler
                0x0000000000000000       0xcc ./drivers/Src/stm32f429xx_usart_driver.o
 .debug_info    0x0000000000000000      0x934 ./drivers/Src/stm32f429xx_usart_driver.o
 .debug_abbrev  0x0000000000000000      0x237 ./drivers/Src/stm32f429xx_usart_driver.o
 .debug_aranges
                0x0000000000000000       0xb0 ./drivers/Src/stm32f429xx_usart_driver.o
 .debug_ranges  0x0000000000000000       0xa0 ./drivers/Src/stm32f429xx_usart_driver.o
 .debug_macro   0x0000000000000000       0xc2 ./drivers/Src/stm32f429xx_usart_driver.o
 .debug_macro   0x0000000000000000      0xa78 ./drivers/Src/stm32f429xx_usart_driver.o
 .debug_macro   0x0000000000000000       0x22 ./drivers/Src/stm32f429xx_usart_driver.o
 .debug_macro   0x0000000000000000       0x8e ./drivers/Src/stm32f429xx_usart_driver.o
 .debug_macro   0x0000000000000000       0x51 ./drivers/Src/stm32f429xx_usart_driver.o
 .debug_macro   0x0000000000000000      0x103 ./drivers/Src/stm32f429xx_usart_driver.o
 .debug_macro   0x0000000000000000       0x6a ./drivers/Src/stm32f429xx_usart_driver.o
 .debug_macro   0x0000000000000000      0x1df ./drivers/Src/stm32f429xx_usart_driver.o
 .debug_macro   0x0000000000000000      0x174 ./drivers/Src/stm32f429xx_usart_driver.o
 .debug_macro   0x0000000000000000      0xa74 ./drivers/Src/stm32f429xx_usart_driver.o
 .debug_macro   0x0000000000000000      0x124 ./drivers/Src/stm32f429xx_usart_driver.o
 .debug_macro   0x0000000000000000       0xc4 ./drivers/Src/stm32f429xx_usart_driver.o
 .debug_macro   0x0000000000000000      0x106 ./drivers/Src/stm32f429xx_usart_driver.o
 .debug_macro   0x0000000000000000      0x15a ./drivers/Src/stm32f429xx_usart_driver.o
 .debug_line    0x0000000000000000      0xc4e ./drivers/Src/stm32f429xx_usart_driver.o
 .debug_str     0x0000000000000000     0x818e ./drivers/Src/stm32f429xx_usart_driver.o
 .comment       0x0000000000000000       0x51 ./drivers/Src/stm32f429xx_usart_driver.o
 .debug_frame   0x0000000000000000      0x2f4 ./drivers/Src/stm32f429xx_usart_driver.o
 .ARM.attributes
                0x0000000000000000       0x2e ./drivers/Src/stm32f429xx_usart_driver.o
 .text          0x0000000000000000        0x0 c:/st/stm32cubeide_1.10.1/stm32cubeide/plugins/com.st.stm32cube.ide.mcu.externaltools.gnu-tools-for-stm32.10.3-2021.10.win32_1.0.0.202111181127/tools/bin/../lib/gcc/arm-none-eabi/10.3.1/../../../../arm-none-eabi/lib/thumb/v7e-m/nofp\libc_nano.a(lib_a-errno.o)
 .data          0x0000000000000000        0x0 c:/st/stm32cubeide_1.10.1/stm32cubeide/plugins/com.st.stm32cube.ide.mcu.externaltools.gnu-tools-for-stm32.10.3-2021.10.win32_1.0.0.202111181127/tools/bin/../lib/gcc/arm-none-eabi/10.3.1/../../../../arm-none-eabi/lib/thumb/v7e-m/nofp\libc_nano.a(lib_a-errno.o)
 .bss           0x0000000000000000        0x0 c:/st/stm32cubeide_1.10.1/stm32cubeide/plugins/com.st.stm32cube.ide.mcu.externaltools.gnu-tools-for-stm32.10.3-2021.10.win32_1.0.0.202111181127/tools/bin/../lib/gcc/arm-none-eabi/10.3.1/../../../../arm-none-eabi/lib/thumb/v7e-m/nofp\libc_nano.a(lib_a-errno.o)
 .text.__errno  0x0000000000000000        0xc c:/st/stm32cubeide_1.10.1/stm32cubeide/plugins/com.st.stm32cube.ide.mcu.externaltools.gnu-tools-for-stm32.10.3-2021.10.win32_1.0.0.202111181127/tools/bin/../lib/gcc/arm-none-eabi/10.3.1/../../../../arm-none-eabi/lib/thumb/v7e-m/nofp\libc_nano.a(lib_a-errno.o)
 .debug_frame   0x0000000000000000       0x20 c:/st/stm32cubeide_1.10.1/stm32cubeide/plugins/com.st.stm32cube.ide.mcu.externaltools.gnu-tools-for-stm32.10.3-2021.10.win32_1.0.0.202111181127/tools/bin/../lib/gcc/arm-none-eabi/10.3.1/../../../../arm-none-eabi/lib/thumb/v7e-m/nofp\libc_nano.a(lib_a-errno.o)
 .ARM.attributes
                0x0000000000000000       0x2e c:/st/stm32cubeide_1.10.1/stm32cubeide/plugins/com.st.stm32cube.ide.mcu.externaltools.gnu-tools-for-stm32.10.3-2021.10.win32_1.0.0.202111181127/tools/bin/../lib/gcc/arm-none-eabi/10.3.1/../../../../arm-none-eabi/lib/thumb/v7e-m/nofp\libc_nano.a(lib_a-errno.o)
 .text          0x0000000000000000        0x0 c:/st/stm32cubeide_1.10.1/stm32cubeide/plugins/com.st.stm32cube.ide.mcu.externaltools.gnu-tools-for-stm32.10.3-2021.10.win32_1.0.0.202111181127/tools/bin/../lib/gcc/arm-none-eabi/10.3.1/../../../../arm-none-eabi/lib/thumb/v7e-m/nofp\libc_nano.a(lib_a-exit.o)
 .data          0x0000000000000000        0x0 c:/st/stm32cubeide_1.10.1/stm32cubeide/plugins/com.st.stm32cube.ide.mcu.externaltools.gnu-tools-for-stm32.10.3-2021.10.win32_1.0.0.202111181127/tools/bin/../lib/gcc/arm-none-eabi/10.3.1/../../../../arm-none-eabi/lib/thumb/v7e-m/nofp\libc_nano.a(lib_a-exit.o)
 .bss           0x0000000000000000        0x0 c:/st/stm32cubeide_1.10.1/stm32cubeide/plugins/com.st.stm32cube.ide.mcu.externaltools.gnu-tools-for-stm32.10.3-2021.10.win32_1.0.0.202111181127/tools/bin/../lib/gcc/arm-none-eabi/10.3.1/../../../../arm-none-eabi/lib/thumb/v7e-m/nofp\libc_nano.a(lib_a-exit.o)
 .text.exit     0x0000000000000000       0x28 c:/st/stm32cubeide_1.10.1/stm32cubeide/plugins/com.st.stm32cube.ide.mcu.externaltools.gnu-tools-for-stm32.10.3-2021.10.win32_1.0.0.202111181127/tools/bin/../lib/gcc/arm-none-eabi/10.3.1/../../../../arm-none-eabi/lib/thumb/v7e-m/nofp\libc_nano.a(lib_a-exit.o)
 .debug_frame   0x0000000000000000       0x28 c:/st/stm32cubeide_1.10.1/stm32cubeide/plugins/com.st.stm32cube.ide.mcu.externaltools.gnu-tools-for-stm32.10.3-2021.10.win32_1.0.0.202111181127/tools/bin/../lib/gcc/arm-none-eabi/10.3.1/../../../../arm-none-eabi/lib/thumb/v7e-m/nofp\libc_nano.a(lib_a-exit.o)
 .ARM.attributes
                0x0000000000000000       0x2e c:/st/stm32cubeide_1.10.1/stm32cubeide/plugins/com.st.stm32cube.ide.mcu.externaltools.gnu-tools-for-stm32.10.3-2021.10.win32_1.0.0.202111181127/tools/bin/../lib/gcc/arm-none-eabi/10.3.1/../../../../arm-none-eabi/lib/thumb/v7e-m/nofp\libc_nano.a(lib_a-exit.o)
 .text          0x0000000000000000        0x0 c:/st/stm32cubeide_1.10.1/stm32cubeide/plugins/com.st.stm32cube.ide.mcu.externaltools.gnu-tools-for-stm32.10.3-2021.10.win32_1.0.0.202111181127/tools/bin/../lib/gcc/arm-none-eabi/10.3.1/../../../../arm-none-eabi/lib/thumb/v7e-m/nofp\libc_nano.a(lib_a-impure.o)
 .data          0x0000000000000000        0x0 c:/st/stm32cubeide_1.10.1/stm32cubeide/plugins/com.st.stm32cube.ide.mcu.externaltools.gnu-tools-for-stm32.10.3-2021.10.win32_1.0.0.202111181127/tools/bin/../lib/gcc/arm-none-eabi/10.3.1/../../../../arm-none-eabi/lib/thumb/v7e-m/nofp\libc_nano.a(lib_a-impure.o)
 .bss           0x0000000000000000        0x0 c:/st/stm32cubeide_1.10.1/stm32cubeide/plugins/com.st.stm32cube.ide.mcu.externaltools.gnu-tools-for-stm32.10.3-2021.10.win32_1.0.0.202111181127/tools/bin/../lib/gcc/arm-none-eabi/10.3.1/../../../../arm-none-eabi/lib/thumb/v7e-m/nofp\libc_nano.a(lib_a-impure.o)
 .data._impure_ptr
                0x0000000000000000        0x4 c:/st/stm32cubeide_1.10.1/stm32cubeide/plugins/com.st.stm32cube.ide.mcu.externaltools.gnu-tools-for-stm32.10.3-2021.10.win32_1.0.0.202111181127/tools/bin/../lib/gcc/arm-none-eabi/10.3.1/../../../../arm-none-eabi/lib/thumb/v7e-m/nofp\libc_nano.a(lib_a-impure.o)
 .data.impure_data
                0x0000000000000000       0x60 c:/st/stm32cubeide_1.10.1/stm32cubeide/plugins/com.st.stm32cube.ide.mcu.externaltools.gnu-tools-for-stm32.10.3-2021.10.win32_1.0.0.202111181127/tools/bin/../lib/gcc/arm-none-eabi/10.3.1/../../../../arm-none-eabi/lib/thumb/v7e-m/nofp\libc_nano.a(lib_a-impure.o)
 .rodata._global_impure_ptr
                0x0000000000000000        0x4 c:/st/stm32cubeide_1.10.1/stm32cubeide/plugins/com.st.stm32cube.ide.mcu.externaltools.gnu-tools-for-stm32.10.3-2021.10.win32_1.0.0.202111181127/tools/bin/../lib/gcc/arm-none-eabi/10.3.1/../../../../arm-none-eabi/lib/thumb/v7e-m/nofp\libc_nano.a(lib_a-impure.o)
 .ARM.attributes
                0x0000000000000000       0x2e c:/st/stm32cubeide_1.10.1/stm32cubeide/plugins/com.st.stm32cube.ide.mcu.externaltools.gnu-tools-for-stm32.10.3-2021.10.win32_1.0.0.202111181127/tools/bin/../lib/gcc/arm-none-eabi/10.3.1/../../../../arm-none-eabi/lib/thumb/v7e-m/nofp\libc_nano.a(lib_a-impure.o)
 .text          0x0000000000000000        0x0 c:/st/stm32cubeide_1.10.1/stm32cubeide/plugins/com.st.stm32cube.ide.mcu.externaltools.gnu-tools-for-stm32.10.3-2021.10.win32_1.0.0.202111181127/tools/bin/../lib/gcc/arm-none-eabi/10.3.1/../../../../arm-none-eabi/lib/thumb/v7e-m/nofp\libc_nano.a(lib_a-init.o)
 .data          0x0000000000000000        0x0 c:/st/stm32cubeide_1.10.1/stm32cubeide/plugins/com.st.stm32cube.ide.mcu.externaltools.gnu-tools-for-stm32.10.3-2021.10.win32_1.0.0.202111181127/tools/bin/../lib/gcc/arm-none-eabi/10.3.1/../../../../arm-none-eabi/lib/thumb/v7e-m/nofp\libc_nano.a(lib_a-init.o)
 .bss           0x0000000000000000        0x0 c:/st/stm32cubeide_1.10.1/stm32cubeide/plugins/com.st.stm32cube.ide.mcu.externaltools.gnu-tools-for-stm32.10.3-2021.10.win32_1.0.0.202111181127/tools/bin/../lib/gcc/arm-none-eabi/10.3.1/../../../../arm-none-eabi/lib/thumb/v7e-m/nofp\libc_nano.a(lib_a-init.o)
 .text          0x0000000000000000        0x0 c:/st/stm32cubeide_1.10.1/stm32cubeide/plugins/com.st.stm32cube.ide.mcu.externaltools.gnu-tools-for-stm32.10.3-2021.10.win32_1.0.0.202111181127/tools/bin/../lib/gcc/arm-none-eabi/10.3.1/../../../../arm-none-eabi/lib/thumb/v7e-m/nofp\libc_nano.a(lib_a-memset.o)
 .data          0x0000000000000000        0x0 c:/st/stm32cubeide_1.10.1/stm32cubeide/plugins/com.st.stm32cube.ide.mcu.externaltools.gnu-tools-for-stm32.10.3-2021.10.win32_1.0.0.202111181127/tools/bin/../lib/gcc/arm-none-eabi/10.3.1/../../../../arm-none-eabi/lib/thumb/v7e-m/nofp\libc_nano.a(lib_a-memset.o)
 .bss           0x0000000000000000        0x0 c:/st/stm32cubeide_1.10.1/stm32cubeide/plugins/com.st.stm32cube.ide.mcu.externaltools.gnu-tools-for-stm32.10.3-2021.10.win32_1.0.0.202111181127/tools/bin/../lib/gcc/arm-none-eabi/10.3.1/../../../../arm-none-eabi/lib/thumb/v7e-m/nofp\libc_nano.a(lib_a-memset.o)
 .text          0x0000000000000000      0x254 c:/st/stm32cubeide_1.10.1/stm32cubeide/plugins/com.st.stm32cube.ide.mcu.externaltools.gnu-tools-for-stm32.10.3-2021.10.win32_1.0.0.202111181127/tools/bin/../lib/gcc/arm-none-eabi/10.3.1/thumb/v7e-m/nofp\libgcc.a(_arm_muldf3.o)
 .data          0x0000000000000000        0x0 c:/st/stm32cubeide_1.10.1/stm32cubeide/plugins/com.st.stm32cube.ide.mcu.externaltools.gnu-tools-for-stm32.10.3-2021.10.win32_1.0.0.202111181127/tools/bin/../lib/gcc/arm-none-eabi/10.3.1/thumb/v7e-m/nofp\libgcc.a(_arm_muldf3.o)
 .bss           0x0000000000000000        0x0 c:/st/stm32cubeide_1.10.1/stm32cubeide/plugins/com.st.stm32cube.ide.mcu.externaltools.gnu-tools-for-stm32.10.3-2021.10.win32_1.0.0.202111181127/tools/bin/../lib/gcc/arm-none-eabi/10.3.1/thumb/v7e-m/nofp\libgcc.a(_arm_muldf3.o)
 .debug_frame   0x0000000000000000       0x30 c:/st/stm32cubeide_1.10.1/stm32cubeide/plugins/com.st.stm32cube.ide.mcu.externaltools.gnu-tools-for-stm32.10.3-2021.10.win32_1.0.0.202111181127/tools/bin/../lib/gcc/arm-none-eabi/10.3.1/thumb/v7e-m/nofp\libgcc.a(_arm_muldf3.o)
 .ARM.attributes
                0x0000000000000000       0x1e c:/st/stm32cubeide_1.10.1/stm32cubeide/plugins/com.st.stm32cube.ide.mcu.externaltools.gnu-tools-for-stm32.10.3-2021.10.win32_1.0.0.202111181127/tools/bin/../lib/gcc/arm-none-eabi/10.3.1/thumb/v7e-m/nofp\libgcc.a(_arm_muldf3.o)
 .text          0x0000000000000000      0x378 c:/st/stm32cubeide_1.10.1/stm32cubeide/plugins/com.st.stm32cube.ide.mcu.externaltools.gnu-tools-for-stm32.10.3-2021.10.win32_1.0.0.202111181127/tools/bin/../lib/gcc/arm-none-eabi/10.3.1/thumb/v7e-m/nofp\libgcc.a(_arm_addsubdf3.o)
 .data          0x0000000000000000        0x0 c:/st/stm32cubeide_1.10.1/stm32cubeide/plugins/com.st.stm32cube.ide.mcu.externaltools.gnu-tools-for-stm32.10.3-2021.10.win32_1.0.0.202111181127/tools/bin/../lib/gcc/arm-none-eabi/10.3.1/thumb/v7e-m/nofp\libgcc.a(_arm_addsubdf3.o)
 .bss           0x0000000000000000        0x0 c:/st/stm32cubeide_1.10.1/stm32cubeide/plugins/com.st.stm32cube.ide.mcu.externaltools.gnu-tools-for-stm32.10.3-2021.10.win32_1.0.0.202111181127/tools/bin/../lib/gcc/arm-none-eabi/10.3.1/thumb/v7e-m/nofp\libgcc.a(_arm_addsubdf3.o)
 .debug_frame   0x0000000000000000       0xac c:/st/stm32cubeide_1.10.1/stm32cubeide/plugins/com.st.stm32cube.ide.mcu.externaltools.gnu-tools-for-stm32.10.3-2021.10.win32_1.0.0.202111181127/tools/bin/../lib/gcc/arm-none-eabi/10.3.1/thumb/v7e-m/nofp\libgcc.a(_arm_addsubdf3.o)
 .ARM.attributes
                0x0000000000000000       0x1e c:/st/stm32cubeide_1.10.1/stm32cubeide/plugins/com.st.stm32cube.ide.mcu.externaltools.gnu-tools-for-stm32.10.3-2021.10.win32_1.0.0.202111181127/tools/bin/../lib/gcc/arm-none-eabi/10.3.1/thumb/v7e-m/nofp\libgcc.a(_arm_addsubdf3.o)
 .text          0x0000000000000000       0x40 c:/st/stm32cubeide_1.10.1/stm32cubeide/plugins/com.st.stm32cube.ide.mcu.externaltools.gnu-tools-for-stm32.10.3-2021.10.win32_1.0.0.202111181127/tools/bin/../lib/gcc/arm-none-eabi/10.3.1/thumb/v7e-m/nofp\libgcc.a(_arm_fixunsdfsi.o)
 .data          0x0000000000000000        0x0 c:/st/stm32cubeide_1.10.1/stm32cubeide/plugins/com.st.stm32cube.ide.mcu.externaltools.gnu-tools-for-stm32.10.3-2021.10.win32_1.0.0.202111181127/tools/bin/../lib/gcc/arm-none-eabi/10.3.1/thumb/v7e-m/nofp\libgcc.a(_arm_fixunsdfsi.o)
 .bss           0x0000000000000000        0x0 c:/st/stm32cubeide_1.10.1/stm32cubeide/plugins/com.st.stm32cube.ide.mcu.externaltools.gnu-tools-for-stm32.10.3-2021.10.win32_1.0.0.202111181127/tools/bin/../lib/gcc/arm-none-eabi/10.3.1/thumb/v7e-m/nofp\libgcc.a(_arm_fixunsdfsi.o)
 .debug_frame   0x0000000000000000       0x24 c:/st/stm32cubeide_1.10.1/stm32cubeide/plugins/com.st.stm32cube.ide.mcu.externaltools.gnu-tools-for-stm32.10.3-2021.10.win32_1.0.0.202111181127/tools/bin/../lib/gcc/arm-none-eabi/10.3.1/thumb/v7e-m/nofp\libgcc.a(_arm_fixunsdfsi.o)
 .ARM.attributes
                0x0000000000000000       0x1e c:/st/stm32cubeide_1.10.1/stm32cubeide/plugins/com.st.stm32cube.ide.mcu.externaltools.gnu-tools-for-stm32.10.3-2021.10.win32_1.0.0.202111181127/tools/bin/../lib/gcc/arm-none-eabi/10.3.1/thumb/v7e-m/nofp\libgcc.a(_arm_fixunsdfsi.o)
 .text          0x0000000000000000        0x0 c:/st/stm32cubeide_1.10.1/stm32cubeide/plugins/com.st.stm32cube.ide.mcu.externaltools.gnu-tools-for-stm32.10.3-2021.10.win32_1.0.0.202111181127/tools/bin/../lib/gcc/arm-none-eabi/10.3.1/thumb/v7e-m/nofp/crtend.o
 .data          0x0000000000000000        0x0 c:/st/stm32cubeide_1.10.1/stm32cubeide/plugins/com.st.stm32cube.ide.mcu.externaltools.gnu-tools-for-stm32.10.3-2021.10.win32_1.0.0.202111181127/tools/bin/../lib/gcc/arm-none-eabi/10.3.1/thumb/v7e-m/nofp/crtend.o
 .bss           0x0000000000000000        0x0 c:/st/stm32cubeide_1.10.1/stm32cubeide/plugins/com.st.stm32cube.ide.mcu.externaltools.gnu-tools-for-stm32.10.3-2021.10.win32_1.0.0.202111181127/tools/bin/../lib/gcc/arm-none-eabi/10.3.1/thumb/v7e-m/nofp/crtend.o
 .rodata        0x0000000000000000       0x24 c:/st/stm32cubeide_1.10.1/stm32cubeide/plugins/com.st.stm32cube.ide.mcu.externaltools.gnu-tools-for-stm32.10.3-2021.10.win32_1.0.0.202111181127/tools/bin/../lib/gcc/arm-none-eabi/10.3.1/thumb/v7e-m/nofp/crtend.o
 .eh_frame      0x0000000000000000        0x4 c:/st/stm32cubeide_1.10.1/stm32cubeide/plugins/com.st.stm32cube.ide.mcu.externaltools.gnu-tools-for-stm32.10.3-2021.10.win32_1.0.0.202111181127/tools/bin/../lib/gcc/arm-none-eabi/10.3.1/thumb/v7e-m/nofp/crtend.o
 .ARM.attributes
                0x0000000000000000       0x2e c:/st/stm32cubeide_1.10.1/stm32cubeide/plugins/com.st.stm32cube.ide.mcu.externaltools.gnu-tools-for-stm32.10.3-2021.10.win32_1.0.0.202111181127/tools/bin/../lib/gcc/arm-none-eabi/10.3.1/thumb/v7e-m/nofp/crtend.o
 .text          0x0000000000000000        0x0 c:/st/stm32cubeide_1.10.1/stm32cubeide/plugins/com.st.stm32cube.ide.mcu.externaltools.gnu-tools-for-stm32.10.3-2021.10.win32_1.0.0.202111181127/tools/bin/../lib/gcc/arm-none-eabi/10.3.1/thumb/v7e-m/nofp/crtn.o
 .data          0x0000000000000000        0x0 c:/st/stm32cubeide_1.10.1/stm32cubeide/plugins/com.st.stm32cube.ide.mcu.externaltools.gnu-tools-for-stm32.10.3-2021.10.win32_1.0.0.202111181127/tools/bin/../lib/gcc/arm-none-eabi/10.3.1/thumb/v7e-m/nofp/crtn.o
 .bss           0x0000000000000000        0x0 c:/st/stm32cubeide_1.10.1/stm32cubeide/plugins/com.st.stm32cube.ide.mcu.externaltools.gnu-tools-for-stm32.10.3-2021.10.win32_1.0.0.202111181127/tools/bin/../lib/gcc/arm-none-eabi/10.3.1/thumb/v7e-m/nofp/crtn.o

Memory Configuration

Name             Origin             Length             Attributes
CCMRAM           0x0000000010000000 0x0000000000010000 xrw
RAM              0x0000000020000000 0x0000000000030000 xrw
FLASH            0x0000000008000000 0x0000000000200000 xr
*default*        0x0000000000000000 0xffffffffffffffff

Linker script and memory map

LOAD c:/st/stm32cubeide_1.10.1/stm32cubeide/plugins/com.st.stm32cube.ide.mcu.externaltools.gnu-tools-for-stm32.10.3-2021.10.win32_1.0.0.202111181127/tools/bin/../lib/gcc/arm-none-eabi/10.3.1/thumb/v7e-m/nofp/crti.o
LOAD c:/st/stm32cubeide_1.10.1/stm32cubeide/plugins/com.st.stm32cube.ide.mcu.externaltools.gnu-tools-for-stm32.10.3-2021.10.win32_1.0.0.202111181127/tools/bin/../lib/gcc/arm-none-eabi/10.3.1/thumb/v7e-m/nofp/crtbegin.o
LOAD c:/st/stm32cubeide_1.10.1/stm32cubeide/plugins/com.st.stm32cube.ide.mcu.externaltools.gnu-tools-for-stm32.10.3-2021.10.win32_1.0.0.202111181127/tools/bin/../lib/gcc/arm-none-eabi/10.3.1/../../../../arm-none-eabi/lib/thumb/v7e-m/nofp/crt0.o
LOAD ./Src/004led_button_interrupt.o
LOAD ./Src/syscalls.o
LOAD ./Src/sysmem.o
LOAD ./Startup/startup_stm32f429zitx.o
LOAD ./bsp/ds1307.o
LOAD ./drivers/Src/stm32f429xx_gpio_driver.o
LOAD ./drivers/Src/stm32f429xx_i2c_driver.o
LOAD ./drivers/Src/stm32f429xx_rcc_driver.o
LOAD ./drivers/Src/stm32f429xx_spi_driver.o
LOAD ./drivers/Src/stm32f429xx_usart_driver.o
START GROUP
LOAD c:/st/stm32cubeide_1.10.1/stm32cubeide/plugins/com.st.stm32cube.ide.mcu.externaltools.gnu-tools-for-stm32.10.3-2021.10.win32_1.0.0.202111181127/tools/bin/../lib/gcc/arm-none-eabi/10.3.1/../../../../arm-none-eabi/lib/thumb/v7e-m/nofp\libc_nano.a
LOAD c:/st/stm32cubeide_1.10.1/stm32cubeide/plugins/com.st.stm32cube.ide.mcu.externaltools.gnu-tools-for-stm32.10.3-2021.10.win32_1.0.0.202111181127/tools/bin/../lib/gcc/arm-none-eabi/10.3.1/../../../../arm-none-eabi/lib/thumb/v7e-m/nofp\libm.a
END GROUP
START GROUP
LOAD c:/st/stm32cubeide_1.10.1/stm32cubeide/plugins/com.st.stm32cube.ide.mcu.externaltools.gnu-tools-for-stm32.10.3-2021.10.win32_1.0.0.202111181127/tools/bin/../lib/gcc/arm-none-eabi/10.3.1/thumb/v7e-m/nofp\libgcc.a
LOAD c:/st/stm32cubeide_1.10.1/stm32cubeide/plugins/com.st.stm32cube.ide.mcu.externaltools.gnu-tools-for-stm32.10.3-2021.10.win32_1.0.0.202111181127/tools/bin/../lib/gcc/arm-none-eabi/10.3.1/../../../../arm-none-eabi/lib/thumb/v7e-m/nofp\libc_nano.a
END GROUP
START GROUP
LOAD c:/st/stm32cubeide_1.10.1/stm32cubeide/plugins/com.st.stm32cube.ide.mcu.externaltools.gnu-tools-for-stm32.10.3-2021.10.win32_1.0.0.202111181127/tools/bin/../lib/gcc/arm-none-eabi/10.3.1/thumb/v7e-m/nofp\libgcc.a
LOAD c:/st/stm32cubeide_1.10.1/stm32cubeide/plugins/com.st.stm32cube.ide.mcu.externaltools.gnu-tools-for-stm32.10.3-2021.10.win32_1.0.0.202111181127/tools/bin/../lib/gcc/arm-none-eabi/10.3.1/../../../../arm-none-eabi/lib/thumb/v7e-m/nofp\libc_nano.a
LOAD c:/st/stm32cubeide_1.10.1/stm32cubeide/plugins/com.st.stm32cube.ide.mcu.externaltools.gnu-tools-for-stm32.10.3-2021.10.win32_1.0.0.202111181127/tools/bin/../lib/gcc/arm-none-eabi/10.3.1/../../../../arm-none-eabi/lib/thumb/v7e-m/nofp\libnosys.a
END GROUP
START GROUP
LOAD c:/st/stm32cubeide_1.10.1/stm32cubeide/plugins/com.st.stm32cube.ide.mcu.externaltools.gnu-tools-for-stm32.10.3-2021.10.win32_1.0.0.202111181127/tools/bin/../lib/gcc/arm-none-eabi/10.3.1/thumb/v7e-m/nofp\libgcc.a
LOAD c:/st/stm32cubeide_1.10.1/stm32cubeide/plugins/com.st.stm32cube.ide.mcu.externaltools.gnu-tools-for-stm32.10.3-2021.10.win32_1.0.0.202111181127/tools/bin/../lib/gcc/arm-none-eabi/10.3.1/../../../../arm-none-eabi/lib/thumb/v7e-m/nofp\libc_nano.a
LOAD c:/st/stm32cubeide_1.10.1/stm32cubeide/plugins/com.st.stm32cube.ide.mcu.externaltools.gnu-tools-for-stm32.10.3-2021.10.win32_1.0.0.202111181127/tools/bin/../lib/gcc/arm-none-eabi/10.3.1/../../../../arm-none-eabi/lib/thumb/v7e-m/nofp\libnosys.a
END GROUP
LOAD c:/st/stm32cubeide_1.10.1/stm32cubeide/plugins/com.st.stm32cube.ide.mcu.externaltools.gnu-tools-for-stm32.10.3-2021.10.win32_1.0.0.202111181127/tools/bin/../lib/gcc/arm-none-eabi/10.3.1/thumb/v7e-m/nofp/crtend.o
LOAD c:/st/stm32cubeide_1.10.1/stm32cubeide/plugins/com.st.stm32cube.ide.mcu.externaltools.gnu-tools-for-stm32.10.3-2021.10.win32_1.0.0.202111181127/tools/bin/../lib/gcc/arm-none-eabi/10.3.1/thumb/v7e-m/nofp/crtn.o
                0x0000000020030000                _estack = (ORIGIN (RAM) + LENGTH (RAM))
                0x0000000000000200                _Min_Heap_Size = 0x200
                0x0000000000000400                _Min_Stack_Size = 0x400

.isr_vector     0x0000000008000000      0x1ac
                0x0000000008000000                . = ALIGN (0x4)
 *(.isr_vector)
 .isr_vector    0x0000000008000000      0x1ac ./Startup/startup_stm32f429zitx.o
                0x0000000008000000                g_pfnVectors
                0x00000000080001ac                . = ALIGN (0x4)

.text           0x00000000080001ac      0x8f0
                0x00000000080001ac                . = ALIGN (0x4)
 *(.text)
 .text          0x00000000080001ac       0x40 c:/st/stm32cubeide_1.10.1/stm32cubeide/plugins/com.st.stm32cube.ide.mcu.externaltools.gnu-tools-for-stm32.10.3-2021.10.win32_1.0.0.202111181127/tools/bin/../lib/gcc/arm-none-eabi/10.3.1/thumb/v7e-m/nofp/crtbegin.o
 *(.text*)
 .text.main     0x00000000080001ec       0x74 ./Src/004led_button_interrupt.o
                0x00000000080001ec                main
 .text.EXTI2_IRQHandler
                0x0000000008000260       0x20 ./Src/004led_button_interrupt.o
                0x0000000008000260                EXTI2_IRQHandler
 .text.delay    0x0000000008000280       0x2c ./Src/004led_button_interrupt.o
                0x0000000008000280                delay
 .text.Reset_Handler
                0x00000000080002ac       0x50 ./Startup/startup_stm32f429zitx.o
                0x00000000080002ac                Reset_Handler
 .text.Default_Handler
                0x00000000080002fc        0x2 ./Startup/startup_stm32f429zitx.o
                0x00000000080002fc                RTC_Alarm_IRQHandler
                0x00000000080002fc                HASH_RNG_IRQHandler
                0x00000000080002fc                TIM8_CC_IRQHandler
                0x00000000080002fc                DebugMon_Handler
                0x00000000080002fc                UART8_IRQHandler
                0x00000000080002fc                SPI4_IRQHandler
                0x00000000080002fc                TIM1_CC_IRQHandler
                0x00000000080002fc                DMA2_Stream5_IRQHandler
                0x00000000080002fc                HardFault_Handler
                0x00000000080002fc                DMA1_Stream5_IRQHandler
                0x00000000080002fc                SysTick_Handler
                0x00000000080002fc                PVD_IRQHandler
                0x00000000080002fc                SDIO_IRQHandler
                0x00000000080002fc                TAMP_STAMP_IRQHandler
                0x00000000080002fc                PendSV_Handler
                0x00000000080002fc                NMI_Handler
                0x00000000080002fc                CAN2_RX1_IRQHandler
                0x00000000080002fc                EXTI3_IRQHandler
                0x00000000080002fc                TIM8_TRG_COM_TIM14_IRQHandler
                0x00000000080002fc                TIM1_UP_TIM10_IRQHandler
                0x00000000080002fc                TIM8_UP_TIM13_IRQHandler
                0x00000000080002fc                I2C3_ER_IRQHandler
                0x00000000080002fc                LCD_TFT_IRQHandler
                0x00000000080002fc                EXTI0_IRQHandler
                0x00000000080002fc                I2C2_EV_IRQHandler
                0x00000000080002fc                DMA1_Stream2_IRQHandler
                0x00000000080002fc                CAN1_RX0_IRQHandler
                0x00000000080002fc                FPU_IRQHandler
                0x00000000080002fc                OTG_HS_WKUP_IRQHandler
                0x00000000080002fc                UsageFault_Handler
                0x00000000080002fc                CAN2_SCE_IRQHandler
                0x00000000080002fc                DMA2_Stream2_IRQHandler
                0x00000000080002fc                SPI1_IRQHandler
                0x00000000080002fc                TIM6_DAC_IRQHandler
                0x00000000080002fc                TIM1_BRK_TIM9_IRQHandler
                0x00000000080002fc                DCMI_IRQHandler
                0x00000000080002fc                CAN2_RX0_IRQHandler
                0x00000000080002fc                DMA2_Stream3_IRQHandler
                0x00000000080002fc                USART6_IRQHandler
                0x00000000080002fc                USART3_IRQHandler
                0x00000000080002fc                CRYP_IRQHandler
                0x00000000080002fc                CAN1_RX1_IRQHandler
                0x00000000080002fc                UART5_IRQHandler
                0x00000000080002fc                DMA2_Stream0_IRQHandler
                0x00000000080002fc                TIM4_IRQHandler
                0x00000000080002fc                I2C1_EV_IRQHandler
                0x00000000080002fc                DMA1_Stream6_IRQHandler
                0x00000000080002fc                DMA1_Stream1_IRQHandler
                0x00000000080002fc                UART4_IRQHandler
                0x00000000080002fc                LCD_TFT_1_IRQHandler
                0x00000000080002fc                TIM3_IRQHandler
                0x00000000080002fc                RCC_IRQHandler
                0x00000000080002fc                TIM8_BRK_TIM12_IRQHandler
                0x00000000080002fc                Default_Handler
                0x00000000080002fc                EXTI15_10_IRQHandler
                0x00000000080002fc                ADC_IRQHandler
                0x00000000080002fc                DMA1_Stream7_IRQHandler
                0x00000000080002fc                SPI5_IRQHandler
                0x00000000080002fc                TIM7_IRQHandler
                0x00000000080002fc                CAN2_TX_IRQHandler
                0x00000000080002fc                TIM5_IRQHandler
                0x00000000080002fc                DMA2_Stream7_IRQHandler
                0x00000000080002fc                I2C3_EV_IRQHandler
                0x00000000080002fc                EXTI9_5_IRQHandler
                0x00000000080002fc                RTC_WKUP_IRQHandler
                0x00000000080002fc                ETH_WKUP_IRQHandler
                0x00000000080002fc                SPI2_IRQHandler
                0x00000000080002fc                OTG_HS_EP1_IN_IRQHandler
                0x00000000080002fc                MemManage_Handler
                0x00000000080002fc                DMA1_Stream0_IRQHandler
                0x00000000080002fc                CAN1_TX_IRQHandler
                0x00000000080002fc                SVC_Handler
                0x00000000080002fc                EXTI4_IRQHandler
                0x00000000080002fc                ETH_IRQHandler
                0x00000000080002fc                OTG_HS_EP1_OUT_IRQHandler
                0x00000000080002fc                WWDG_IRQHandler
                0x00000000080002fc                SPI6_IRQHandler
                0x00000000080002fc                TIM2_IRQHandler
                0x00000000080002fc                OTG_FS_WKUP_IRQHandler
                0x00000000080002fc                TIM1_TRG_COM_TIM11_IRQHandler
                0x00000000080002fc                OTG_HS_IRQHandler
                0x00000000080002fc                DMA2D_IRQHandler
                0x00000000080002fc                EXTI1_IRQHandler
                0x00000000080002fc                UART7_IRQHandler
                0x00000000080002fc                USART2_IRQHandler
                0x00000000080002fc                I2C2_ER_IRQHandler
                0x00000000080002fc                DMA2_Stream1_IRQHandler
                0x00000000080002fc                CAN1_SCE_IRQHandler
                0x00000000080002fc                FLASH_IRQHandler
                0x00000000080002fc                DMA2_Stream4_IRQHandler
                0x00000000080002fc                BusFault_Handler
                0x00000000080002fc                USART1_IRQHandler
                0x00000000080002fc                OTG_FS_IRQHandler
                0x00000000080002fc                SPI3_IRQHandler
                0x00000000080002fc                DMA1_Stream4_IRQHandler
                0x00000000080002fc                I2C1_ER_IRQHandler
                0x00000000080002fc                FMC_IRQHandler
                0x00000000080002fc                DMA2_Stream6_IRQHandler
                0x00000000080002fc                SAI1_IRQHandler
                0x00000000080002fc                DMA1_Stream3_IRQHandler
 *fill*         0x00000000080002fe        0x2 
 .text.GPIO_PClockControl
                0x0000000008000300      0x200 ./drivers/Src/stm32f429xx_gpio_driver.o
                0x0000000008000300                GPIO_PClockControl
 .text.GPIO_Init
                0x0000000008000500      0x368 ./drivers/Src/stm32f429xx_gpio_driver.o
                0x0000000008000500                GPIO_Init
 .text.GPIO_ToggleOutputPin
                0x0000000008000868       0x28 ./drivers/Src/stm32f429xx_gpio_driver.o
                0x0000000008000868                GPIO_ToggleOutputPin
 .text.GPIO_IRQInterruptConfig
                0x0000000008000890      0x108 ./drivers/Src/stm32f429xx_gpio_driver.o
                0x0000000008000890                GPIO_IRQInterruptConfig
 .text.GPIO_IRQPriorityConfig
                0x0000000008000998       0x52 ./drivers/Src/stm32f429xx_gpio_driver.o
                0x0000000008000998                GPIO_IRQPriorityConfig
 *fill*         0x00000000080009ea        0x2 
 .text.GPIO_IRQHandling
                0x00000000080009ec       0x40 ./drivers/Src/stm32f429xx_gpio_driver.o
                0x00000000080009ec                GPIO_IRQHandling
 .text.__libc_init_array
                0x0000000008000a2c       0x48 c:/st/stm32cubeide_1.10.1/stm32cubeide/plugins/com.st.stm32cube.ide.mcu.externaltools.gnu-tools-for-stm32.10.3-2021.10.win32_1.0.0.202111181127/tools/bin/../lib/gcc/arm-none-eabi/10.3.1/../../../../arm-none-eabi/lib/thumb/v7e-m/nofp\libc_nano.a(lib_a-init.o)
                0x0000000008000a2c                __libc_init_array
 .text.memset   0x0000000008000a74       0x10 c:/st/stm32cubeide_1.10.1/stm32cubeide/plugins/com.st.stm32cube.ide.mcu.externaltools.gnu-tools-for-stm32.10.3-2021.10.win32_1.0.0.202111181127/tools/bin/../lib/gcc/arm-none-eabi/10.3.1/../../../../arm-none-eabi/lib/thumb/v7e-m/nofp\libc_nano.a(lib_a-memset.o)
                0x0000000008000a74                memset
 *(.glue_7)
 .glue_7        0x0000000008000a84        0x0 linker stubs
 *(.glue_7t)
 .glue_7t       0x0000000008000a84        0x0 linker stubs
 *(.eh_frame)
 .eh_frame      0x0000000008000a84        0x0 c:/st/stm32cubeide_1.10.1/stm32cubeide/plugins/com.st.stm32cube.ide.mcu.externaltools.gnu-tools-for-stm32.10.3-2021.10.win32_1.0.0.202111181127/tools/bin/../lib/gcc/arm-none-eabi/10.3.1/thumb/v7e-m/nofp/crtbegin.o
 *(.init)
 .init          0x0000000008000a84        0x4 c:/st/stm32cubeide_1.10.1/stm32cubeide/plugins/com.st.stm32cube.ide.mcu.externaltools.gnu-tools-for-stm32.10.3-2021.10.win32_1.0.0.202111181127/tools/bin/../lib/gcc/arm-none-eabi/10.3.1/thumb/v7e-m/nofp/crti.o
                0x0000000008000a84                _init
 .init          0x0000000008000a88        0x8 c:/st/stm32cubeide_1.10.1/stm32cubeide/plugins/com.st.stm32cube.ide.mcu.externaltools.gnu-tools-for-stm32.10.3-2021.10.win32_1.0.0.202111181127/tools/bin/../lib/gcc/arm-none-eabi/10.3.1/thumb/v7e-m/nofp/crtn.o
 *(.fini)
 .fini          0x0000000008000a90        0x4 c:/st/stm32cubeide_1.10.1/stm32cubeide/plugins/com.st.stm32cube.ide.mcu.externaltools.gnu-tools-for-stm32.10.3-2021.10.win32_1.0.0.202111181127/tools/bin/../lib/gcc/arm-none-eabi/10.3.1/thumb/v7e-m/nofp/crti.o
                0x0000000008000a90                _fini
 .fini          0x0000000008000a94        0x8 c:/st/stm32cubeide_1.10.1/stm32cubeide/plugins/com.st.stm32cube.ide.mcu.externaltools.gnu-tools-for-stm32.10.3-2021.10.win32_1.0.0.202111181127/tools/bin/../lib/gcc/arm-none-eabi/10.3.1/thumb/v7e-m/nofp/crtn.o
                0x0000000008000a9c                . = ALIGN (0x4)
                0x0000000008000a9c                _etext = .

.vfp11_veneer   0x0000000008000a9c        0x0
 .vfp11_veneer  0x0000000008000a9c        0x0 linker stubs

.v4_bx          0x0000000008000a9c        0x0
 .v4_bx         0x0000000008000a9c        0x0 linker stubs

.iplt           0x0000000008000a9c        0x0
 .iplt          0x0000000008000a9c        0x0 c:/st/stm32cubeide_1.10.1/stm32cubeide/plugins/com.st.stm32cube.ide.mcu.externaltools.gnu-tools-for-stm32.10.3-2021.10.win32_1.0.0.202111181127/tools/bin/../lib/gcc/arm-none-eabi/10.3.1/thumb/v7e-m/nofp/crtbegin.o

.rel.dyn        0x0000000008000a9c        0x0
 .rel.iplt      0x0000000008000a9c        0x0 c:/st/stm32cubeide_1.10.1/stm32cubeide/plugins/com.st.stm32cube.ide.mcu.externaltools.gnu-tools-for-stm32.10.3-2021.10.win32_1.0.0.202111181127/tools/bin/../lib/gcc/arm-none-eabi/10.3.1/thumb/v7e-m/nofp/crtbegin.o

.rodata         0x0000000008000a9c        0x0
                0x0000000008000a9c                . = ALIGN (0x4)
 *(.rodata)
 *(.rodata*)
                0x0000000008000a9c                . = ALIGN (0x4)

.ARM.extab      0x0000000008000a9c        0x0
                0x0000000008000a9c                . = ALIGN (0x4)
 *(.ARM.extab* .gnu.linkonce.armextab.*)
                0x0000000008000a9c                . = ALIGN (0x4)

.ARM            0x0000000008000a9c        0x0
                0x0000000008000a9c                . = ALIGN (0x4)
                0x0000000008000a9c                __exidx_start = .
 *(.ARM.exidx*)
                0x0000000008000a9c                __exidx_end = .
                0x0000000008000a9c                . = ALIGN (0x4)

.preinit_array  0x0000000008000a9c        0x0
                0x0000000008000a9c                . = ALIGN (0x4)
                0x0000000008000a9c                PROVIDE (__preinit_array_start = .)
 *(.preinit_array*)
                0x0000000008000a9c                PROVIDE (__preinit_array_end = .)
                0x0000000008000a9c                . = ALIGN (0x4)

.init_array     0x0000000008000a9c        0x4
                0x0000000008000a9c                . = ALIGN (0x4)
                0x0000000008000a9c                PROVIDE (__init_array_start = .)
 *(SORT_BY_NAME(.init_array.*))
 *(.init_array*)
 .init_array    0x0000000008000a9c        0x4 c:/st/stm32cubeide_1.10.1/stm32cubeide/plugins/com.st.stm32cube.ide.mcu.externaltools.gnu-tools-for-stm32.10.3-2021.10.win32_1.0.0.202111181127/tools/bin/../lib/gcc/arm-none-eabi/10.3.1/thumb/v7e-m/nofp/crtbegin.o
                0x0000000008000aa0                PROVIDE (__init_array_end = .)
                0x0000000008000aa0                . = ALIGN (0x4)

.fini_array     0x0000000008000aa0        0x4
                0x0000000008000aa0                . = ALIGN (0x4)
                [!provide]                        PROVIDE (__fini_array_start = .)
 *(SORT_BY_NAME(.fini_array.*))
 *(.fini_array*)
 .fini_array    0x0000000008000aa0        0x4 c:/st/stm32cubeide_1.10.1/stm32cubeide/plugins/com.st.stm32cube.ide.mcu.externaltools.gnu-tools-for-stm32.10.3-2021.10.win32_1.0.0.202111181127/tools/bin/../lib/gcc/arm-none-eabi/10.3.1/thumb/v7e-m/nofp/crtbegin.o
                [!provide]                        PROVIDE (__fini_array_end = .)
                0x0000000008000aa4                . = ALIGN (0x4)
                0x0000000008000aa4                _sidata = LOADADDR (.data)

.data           0x0000000020000000        0x0 load address 0x0000000008000aa4
                0x0000000020000000                . = ALIGN (0x4)
                0x0000000020000000                _sdata = .
 *(.data)
 *(.data*)
 *(.RamFunc)
 *(.RamFunc*)
                0x0000000020000000                . = ALIGN (0x4)
                0x0000000020000000                _edata = .
                0x0000000008000aa4                _siccmram = LOADADDR (.ccmram)

.igot.plt       0x0000000020000000        0x0 load address 0x0000000008000aa4
 .igot.plt      0x0000000020000000        0x0 c:/st/stm32cubeide_1.10.1/stm32cubeide/plugins/com.st.stm32cube.ide.mcu.externaltools.gnu-tools-for-stm32.10.3-2021.10.win32_1.0.0.202111181127/tools/bin/../lib/gcc/arm-none-eabi/10.3.1/thumb/v7e-m/nofp/crtbegin.o

.ccmram         0x0000000010000000        0x0 load address 0x0000000008000aa4
                0x0000000010000000                . = ALIGN (0x4)
                0x0000000010000000                _sccmram = .
 *(.ccmram)
 *(.ccmram*)
                0x0000000010000000                . = ALIGN (0x4)
                0x0000000010000000                _eccmram = .
                0x0000000010000000                . = ALIGN (0x4)

.bss            0x0000000020000000       0x1c
                0x0000000020000000                _sbss = .
                0x0000000020000000                __bss_start__ = _sbss
 *(.bss)
 .bss           0x0000000020000000       0x1c c:/st/stm32cubeide_1.10.1/stm32cubeide/plugins/com.st.stm32cube.ide.mcu.externaltools.gnu-tools-for-stm32.10.3-2021.10.win32_1.0.0.202111181127/tools/bin/../lib/gcc/arm-none-eabi/10.3.1/thumb/v7e-m/nofp/crtbegin.o
 *(.bss*)
 *(COMMON)
                0x000000002000001c                . = ALIGN (0x4)
                0x000000002000001c                _ebss = .
                0x000000002000001c                __bss_end__ = _ebss

._user_heap_stack
                0x000000002000001c      0x604
                0x0000000020000020                . = ALIGN (0x8)
 *fill*         0x000000002000001c        0x4 
                [!provide]                        PROVIDE (end = .)
                0x0000000020000020                PROVIDE (_end = .)
                0x0000000020000220                . = (. + _Min_Heap_Size)
 *fill*         0x0000000020000020      0x200 
                0x0000000020000620                . = (. + _Min_Stack_Size)
 *fill*         0x0000000020000220      0x400 
                0x0000000020000620                . = ALIGN (0x8)

/DISCARD/
 libc.a(*)
 libm.a(*)
 libgcc.a(*)

.ARM.attributes
                0x0000000000000000       0x2a
 *(.ARM.attributes)
 .ARM.attributes
                0x0000000000000000       0x1e c:/st/stm32cubeide_1.10.1/stm32cubeide/plugins/com.st.stm32cube.ide.mcu.externaltools.gnu-tools-for-stm32.10.3-2021.10.win32_1.0.0.202111181127/tools/bin/../lib/gcc/arm-none-eabi/10.3.1/thumb/v7e-m/nofp/crti.o
 .ARM.attributes
                0x000000000000001e       0x2e c:/st/stm32cubeide_1.10.1/stm32cubeide/plugins/com.st.stm32cube.ide.mcu.externaltools.gnu-tools-for-stm32.10.3-2021.10.win32_1.0.0.202111181127/tools/bin/../lib/gcc/arm-none-eabi/10.3.1/thumb/v7e-m/nofp/crtbegin.o
 .ARM.attributes
                0x000000000000004c       0x2e ./Src/004led_button_interrupt.o
 .ARM.attributes
                0x000000000000007a       0x21 ./Startup/startup_stm32f429zitx.o
 .ARM.attributes
                0x000000000000009b       0x2e ./drivers/Src/stm32f429xx_gpio_driver.o
 .ARM.attributes
                0x00000000000000c9       0x2e c:/st/stm32cubeide_1.10.1/stm32cubeide/plugins/com.st.stm32cube.ide.mcu.externaltools.gnu-tools-for-stm32.10.3-2021.10.win32_1.0.0.202111181127/tools/bin/../lib/gcc/arm-none-eabi/10.3.1/../../../../arm-none-eabi/lib/thumb/v7e-m/nofp\libc_nano.a(lib_a-init.o)
 .ARM.attributes
                0x00000000000000f7       0x2e c:/st/stm32cubeide_1.10.1/stm32cubeide/plugins/com.st.stm32cube.ide.mcu.externaltools.gnu-tools-for-stm32.10.3-2021.10.win32_1.0.0.202111181127/tools/bin/../lib/gcc/arm-none-eabi/10.3.1/../../../../arm-none-eabi/lib/thumb/v7e-m/nofp\libc_nano.a(lib_a-memset.o)
 .ARM.attributes
                0x0000000000000125       0x1e c:/st/stm32cubeide_1.10.1/stm32cubeide/plugins/com.st.stm32cube.ide.mcu.externaltools.gnu-tools-for-stm32.10.3-2021.10.win32_1.0.0.202111181127/tools/bin/../lib/gcc/arm-none-eabi/10.3.1/thumb/v7e-m/nofp/crtn.o
OUTPUT(stm32f4xx_drivers.elf elf32-littlearm)
LOAD linker stubs
LOAD c:/st/stm32cubeide_1.10.1/stm32cubeide/plugins/com.st.stm32cube.ide.mcu.externaltools.gnu-tools-for-stm32.10.3-2021.10.win32_1.0.0.202111181127/tools/bin/../lib/gcc/arm-none-eabi/10.3.1/../../../../arm-none-eabi/lib/thumb/v7e-m/nofp\libc.a
LOAD c:/st/stm32cubeide_1.10.1/stm32cubeide/plugins/com.st.stm32cube.ide.mcu.externaltools.gnu-tools-for-stm32.10.3-2021.10.win32_1.0.0.202111181127/tools/bin/../lib/gcc/arm-none-eabi/10.3.1/../../../../arm-none-eabi/lib/thumb/v7e-m/nofp\libm.a
LOAD c:/st/stm32cubeide_1.10.1/stm32cubeide/plugins/com.st.stm32cube.ide.mcu.externaltools.gnu-tools-for-stm32.10.3-2021.10.win32_1.0.0.202111181127/tools/bin/../lib/gcc/arm-none-eabi/10.3.1/thumb/v7e-m/nofp\libgcc.a

.debug_info     0x0000000000000000      0xac8
 .debug_info    0x0000000000000000      0x316 ./Src/004led_button_interrupt.o
 .debug_info    0x0000000000000316       0x22 ./Startup/startup_stm32f429zitx.o
 .debug_info    0x0000000000000338      0x790 ./drivers/Src/stm32f429xx_gpio_driver.o

.debug_abbrev   0x0000000000000000      0x2fe
 .debug_abbrev  0x0000000000000000      0x146 ./Src/004led_button_interrupt.o
 .debug_abbrev  0x0000000000000146       0x12 ./Startup/startup_stm32f429zitx.o
 .debug_abbrev  0x0000000000000158      0x1a6 ./drivers/Src/stm32f429xx_gpio_driver.o

.debug_aranges  0x0000000000000000       0xc8
 .debug_aranges
                0x0000000000000000       0x30 ./Src/004led_button_interrupt.o
 .debug_aranges
                0x0000000000000030       0x28 ./Startup/startup_stm32f429zitx.o
 .debug_aranges
                0x0000000000000058       0x70 ./drivers/Src/stm32f429xx_gpio_driver.o

.debug_ranges   0x0000000000000000       0xa0
 .debug_ranges  0x0000000000000000       0x20 ./Src/004led_button_interrupt.o
 .debug_ranges  0x0000000000000020       0x20 ./Startup/startup_stm32f429zitx.o
 .debug_ranges  0x0000000000000040       0x60 ./drivers/Src/stm32f429xx_gpio_driver.o

.debug_macro    0x0000000000000000     0x2873
 .debug_macro   0x0000000000000000      0x190 ./Src/004led_button_interrupt.o
 .debug_macro   0x0000000000000190      0xa78 ./Src/004led_button_interrupt.o
 .debug_macro   0x0000000000000c08       0x22 ./Src/004led_button_interrupt.o
 .debug_macro   0x0000000000000c2a       0x8e ./Src/004led_button_interrupt.o
 .debug_macro   0x0000000000000cb8       0x51 ./Src/004led_button_interrupt.o
 .debug_macro   0x0000000000000d09      0x103 ./Src/004led_button_interrupt.o
 .debug_macro   0x0000000000000e0c       0x6a ./Src/004led_button_interrupt.o
 .debug_macro   0x0000000000000e76      0x1df ./Src/004led_button_interrupt.o
 .debug_macro   0x0000000000001055      0x174 ./Src/004led_button_interrupt.o
 .debug_macro   0x00000000000011c9      0xa74 ./Src/004led_button_interrupt.o
 .debug_macro   0x0000000000001c3d       0xbe ./Src/004led_button_interrupt.o
 .debug_macro   0x0000000000001cfb      0x106 ./Src/004led_button_interrupt.o
 .debug_macro   0x0000000000001e01      0x160 ./Src/004led_button_interrupt.o
 .debug_macro   0x0000000000001f61      0x124 ./Src/004led_button_interrupt.o
 .debug_macro   0x0000000000002085       0x52 ./Src/004led_button_interrupt.o
 .debug_macro   0x00000000000020d7       0x18 ./Src/004led_button_interrupt.o
 .debug_macro   0x00000000000020ef       0x3c ./Src/004led_button_interrupt.o
 .debug_macro   0x000000000000212b       0x34 ./Src/004led_button_interrupt.o
 .debug_macro   0x000000000000215f       0x16 ./Src/004led_button_interrupt.o
 .debug_macro   0x0000000000002175       0x43 ./Src/004led_button_interrupt.o
 .debug_macro   0x00000000000021b8       0x34 ./Src/004led_button_interrupt.o
 .debug_macro   0x00000000000021ec       0x10 ./Src/004led_button_interrupt.o
 .debug_macro   0x00000000000021fc       0x58 ./Src/004led_button_interrupt.o
 .debug_macro   0x0000000000002254       0x71 ./Src/004led_button_interrupt.o
 .debug_macro   0x00000000000022c5       0x1c ./Src/004led_button_interrupt.o
 .debug_macro   0x00000000000022e1      0x12a ./Src/004led_button_interrupt.o
 .debug_macro   0x000000000000240b      0x341 ./Src/004led_button_interrupt.o
 .debug_macro   0x000000000000274c       0x10 ./Src/004led_button_interrupt.o
 .debug_macro   0x000000000000275c       0x35 ./Src/004led_button_interrupt.o
 .debug_macro   0x0000000000002791       0x20 ./Src/004led_button_interrupt.o
 .debug_macro   0x00000000000027b1       0xc2 ./drivers/Src/stm32f429xx_gpio_driver.o

.debug_line     0x0000000000000000     0x1094
 .debug_line    0x0000000000000000      0x643 ./Src/004led_button_interrupt.o
 .debug_line    0x0000000000000643       0x84 ./Startup/startup_stm32f429zitx.o
 .debug_line    0x00000000000006c7      0x9cd ./drivers/Src/stm32f429xx_gpio_driver.o

.debug_str      0x0000000000000000     0xad6a
 .debug_str     0x0000000000000000     0xab07 ./Src/004led_button_interrupt.o
                                       0xad24 (size before relaxing)
 .debug_str     0x000000000000ab07       0x31 ./Startup/startup_stm32f429zitx.o
                                         0x72 (size before relaxing)
 .debug_str     0x000000000000ab38      0x232 ./drivers/Src/stm32f429xx_gpio_driver.o
                                       0x80c9 (size before relaxing)

.comment        0x0000000000000000       0x50
 .comment       0x0000000000000000       0x50 ./Src/004led_button_interrupt.o
                                         0x51 (size before relaxing)
 .comment       0x0000000000000050       0x51 ./drivers/Src/stm32f429xx_gpio_driver.o

.debug_frame    0x0000000000000000      0x288
 .debug_frame   0x0000000000000000       0x74 ./Src/004led_button_interrupt.o
 .debug_frame   0x0000000000000074      0x1c8 ./drivers/Src/stm32f429xx_gpio_driver.o
 .debug_frame   0x000000000000023c       0x2c c:/st/stm32cubeide_1.10.1/stm32cubeide/plugins/com.st.stm32cube.ide.mcu.externaltools.gnu-tools-for-stm32.10.3-2021.10.win32_1.0.0.202111181127/tools/bin/../lib/gcc/arm-none-eabi/10.3.1/../../../../arm-none-eabi/lib/thumb/v7e-m/nofp\libc_nano.a(lib_a-init.o)
 .debug_frame   0x0000000000000268       0x20 c:/st/stm32cubeide_1.10.1/stm32cubeide/plugins/com.st.stm32cube.ide.mcu.externaltools.gnu-tools-for-stm32.10.3-2021.10.win32_1.0.0.202111181127/tools/bin/../lib/gcc/arm-none-eabi/10.3.1/../../../../arm-none-eabi/lib/thumb/v7e-m/nofp\libc_nano.a(lib_a-memset.o)
